******************************************************************************
               TMS320C6x Linker Unix v7.4.4                    
******************************************************************************
>> Linked Sat Sep 10 15:43:12 2016

OUTPUT FILE NAME:   <dsp.out>
ENTRY POINT SYMBOL: "ti_sysbios_family_c64p_Hwi0"  address: c3786400


MEMORY CONFIGURATION

         name            origin    length      used     unused   attr    fill
----------------------  --------  ---------  --------  --------  ----  --------
  SR_0                  c2000000   00010000  00010000  00000000  RW X
  SR_1                  c2010000   00f00000  00f00000  00000000  RW X
  DSP_PROG              c3000000   00a00000  0078671e  002798e2  RW X


SEGMENT ALLOCATION MAP

run origin  load origin   length   init length attrs members
----------  ----------- ---------- ----------- ----- -------
c3000000    c3000000    00721830   00000000    rw-
  c3000000    c3000000    00721830   00000000    rw- .far
c3721830    c3721830    00000010   00000010    rw-
  c3721830    c3721830    00000010   00000010    rw- .fardata.1
c3721840    c3721840    0002ede0   0002ede0    r-x
  c3721840    c3721840    0002ede0   0002ede0    r-x .text
c3750620    c3750620    00030814   00030814    rw-
  c3750620    c3750620    00030814   00030814    rw- .fardata.2
c3780e38    c3780e38    0000445a   0000445a    r--
  c3780e38    c3780e38    0000445a   0000445a    r-- .const
c3785298    c3785298    00001120   00000000    rw-
  c3785298    c3785298    00001000   00000000    rw- .stack
  c3786298    c3786298    00000120   00000000    rw- .cio
c37863b8    c37863b8    00000040   00000040    r--
  c37863b8    c37863b8    00000040   00000040    r-- .switch.1
c3786400    c3786400    00000200   00000200    r-x
  c3786400    c3786400    00000200   00000200    r-x .vecs
c3786600    c3786600    00000064   00000064    rw-
  c3786600    c3786600    00000064   00000064    rw- .args
c3786664    c3786664    00000010   00000010    r--
  c3786664    c3786664    00000010   00000010    r-- .switch.2
c3786674    c3786674    00000008   00000000    rw-
  c3786674    c3786674    00000008   00000000    rw- .bss
c378667c    c378667c    00000028   00000028    rw-
  c378667c    c378667c    00000028   00000028    rw- .neardata
c3786800    c3786800    0000008c   0000008c    r--
  c3786800    c3786800    0000008c   0000008c    r-- ti_sdo_ipc_init


SECTION ALLOCATION MAP

 output                                  attributes/
section   page    origin      length       input sections
--------  ----  ----------  ----------   ----------------
.cinit     0    c3000000    00000000     UNINITIALIZED

.init_array 
*          0    c3000000    00000000     UNINITIALIZED

ti.sdo.ipc.SharedRegion_0 
*          0    c2000000    00010000     NOLOAD SECTION
                  c2000000    00010000     --HOLE--

ti.sdo.ipc.SharedRegion_1 
*          0    c2010000    00f00000     NOLOAD SECTION
                  c2010000    00f00000     --HOLE--

xdc.meta   0    c3000000    000000f0     COPY SECTION
                  c3000000    000000f0     dsp_pe674.oe674 (xdc.meta)

.far       0    c3000000    00721830     UNINITIALIZED
                  c3000000    00721010     dsp_pe674.oe674 (.far)
                  c3721010    00000800     dsp_pe674.oe674 (.far:taskStackSection)
                  c3721810    0000000c     ti.syslink.ipc.rtos.ae674 : FrameQ.oe674 (.far)
                  c372181c    00000004                               : RingIOShm.oe674 (.far)
                  c3721820    00000008     rts6740_elf.lib : trgdrv.obj (.far)
                  c3721828    00000008     ti.syslink.ipc.rtos.ae674 : RingIO.oe674 (.far)

.fardata.1 
*          0    c3721830    00000010     
                  c3721830    00000010     dsp_pe674.oe674 (.fardata:ti_sdo_ipc_MessageQ_Module_State_0_transports__A)

.text      0    c3721840    0002ede0     
                  c3721840    000021e0     ti.syslink.ipc.rtos.ae674 : FrameQBufMgr_ShMem.oe674 (.text:FrameQBufMgr_ShMem_create)
                  c3723a20    00001060                               : FrameQ_ShMem.oe674 (.text:FrameQ_ShMem_create)
                  c3724a80    00000fa0                               : ClientNotifyMgr.oe674 (.text:_ClientNotifyMgr_create)
                  c3725a20    00000d20                               : FrameQ_ShMem.oe674 (.text:_FrameQ_ShMem_open)
                  c3726740    00000b40     ipc.ae674 : Ipc.obj (.text:ti_sdo_ipc_GateMP_Instance_init__F)
                  c3727280    00000a60     ti.syslink.ipc.rtos.ae674 : FrameQ_ShMem.oe674 (.text:FrameQ_ShMem_delete)
                  c3727ce0    00000900                               : FrameQBufMgr_ShMem.oe674 (.text:FrameQBufMgr_ShMem_delete)
                  c37285e0    00000900                               : FrameQ_ShMem.oe674 (.text:FrameQ_ShMem_putv)
                  c3728ee0    000008a0                               : ClientNotifyMgr.oe674 (.text:ClientNotifyMgr_delete)
                  c3729780    000008a0     sysbios.ae674 : BIOS.obj (.text:ti_sysbios_family_c64p_Exception_handler__I)
                  c372a020    000008a0     ti.targets.rts6000.ae674 : System.oe674 (.text:xdc_runtime_System_doPrint__I)
                  c372a8c0    00000800     ti.syslink.ipc.rtos.ae674 : FrameQ_ShMem.oe674 (.text:FrameQ_ShMem_put)
                  c372b0c0    000007e0                               : ClientNotifyMgr.oe674 (.text:ClientNotifyMgr_setup)
                  c372b8a0    000007c0     ipc.ae674 : Ipc.obj (.text:Ipc_attach)
                  c372c060    00000700               : Ipc.obj (.text:Ipc_detach)
                  c372c760    00000700               : Ipc.obj (.text:ti_sdo_ipc_transports_TransportShm_Instance_init__F)
                  c372ce60    000006e0     ti.syslink.ipc.rtos.ae674 : FrameQBufMgr_ShMem.oe674 (.text:FrameQBufMgr_ShMem_dupv)
                  c372d540    000006a0                               : FrameQ_ShMem.oe674 (.text:FrameQ_ShMem_getv)
                  c372dbe0    00000640                               : FrameQBufMgr_ShMem.oe674 (.text:FrameQBufMgr_ShMem_dup)
                  c372e220    000005e0                               : ClientNotifyMgr.oe674 (.text:ClientNotifyMgr_sendNotificationMulti)
                  c372e800    000005e0                               : FrameQBufMgr_ShMem.oe674 (.text:FrameQBufMgr_ShMem_allocv)
                  c372ede0    000005a0                               : ClientNotifyMgr.oe674 (.text:ClientNotifyMgr_threadFxn)
                  c372f380    000004e0     ipc.ae674 : Ipc.obj (.text:ti_sdo_ipc_heaps_HeapMemMP_Instance_init__F)
                  c372f860    000004c0     ti.syslink.ipc.rtos.ae674 : ClientNotifyMgr.oe674 (.text:ClientNotifyMgr_execCallBackFxn)
                  c372fd20    000004c0     ipc.ae674 : Ipc.obj (.text:ti_sdo_ipc_ListMP_Instance_init__F)
                  c37301e0    000004a0     ti.syslink.ipc.rtos.ae674 : ClientNotifyMgr.oe674 (.text:ClientNotifyMgr_sendNotification)
                  c3730680    00000460                               : ClientNotifyMgr.oe674 (.text:ClientNotifyMgr_sendForceNotificationMulti)
                  c3730ae0    00000460     ipc.ae674 : Ipc.obj (.text:ti_sdo_ipc_GateMP_setRegion0Reserved__F)
                  c3730f40    00000460               : Ipc.obj (.text:ti_sdo_ipc_MessageQ_Instance_init__F)
                  c37313a0    00000460               : Ipc.obj (.text:ti_sdo_ipc_nsremote_NameServerRemoteNotify_get__F)
                  c3731800    00000420     ti.syslink.ipc.rtos.ae674 : FrameQBufMgr_ShMem.oe674 (.text:FrameQBufMgr_ShMem_sharedMemReq)
                  c3731c20    00000420                               : FrameQ_ShMem.oe674 (.text:FrameQ_ShMem_flushAll)
                  c3732040    00000420                               : FrameQ_ShMem.oe674 (.text:_FrameQ_ShMem_setOpenFlags)
                  c3732460    00000420     ipc.ae674 : Ipc.obj (.text:ti_sdo_ipc_GateMP_Instance_finalize__F)
                  c3732880    000003e0     ti.syslink.ipc.rtos.ae674 : FrameQBufMgr_ShMem.oe674 (.text:FrameQBufMgr_ShMem_freev)
                  c3732c60    000003c0     ipc.ae674 : Ipc.obj (.text:ti_sdo_ipc_heaps_HeapMemMP_alloc__E)
                  c3733020    000003c0               : Ipc.obj (.text:ti_sdo_ipc_heaps_HeapMemMP_free__E)
                  c37333e0    000003a0     ti.syslink.ipc.rtos.ae674 : ClientNotifyMgr.oe674 (.text:ClientNotifyMgr_registerClient)
                  c3733780    000003a0                               : ClientNotifyMgr.oe674 (.text:ClientNotifyMgr_unregisterClient)
                  c3733b20    000003a0                               : FrameQ_ShMem.oe674 (.text:FrameQ_ShMem_getvNumFrames)
                  c3733ec0    000003a0     ipc.ae674 : Ipc.obj (.text:NameServer_add)
                  c3734260    00000360     ti.syslink.ipc.rtos.ae674 : FrameQBufMgr_ShMem.oe674 (.text:FrameQBufMgr_ShMem_free)
                  c37345c0    00000340                               : FrameQBufMgr.oe674 (.text:FrameQBufMgr_open)
                  c3734900    00000340                               : FrameQ_ShMem.oe674 (.text:FrameQ_ShMem_get)
                  c3734c40    00000320                               : FrameQBufMgr.oe674 (.text:FrameQBufMgr_create)
                  c3734f60    00000300                               : FrameQBufMgr_ShMem.oe674 (.text:FrameQBufMgr_ShMem_alloc)
                  c3735260    00000300     ipc.ae674 : Ipc.obj (.text:Ipc_writeConfig)
                  c3735560    00000300     sysbios.ae674 : BIOS.obj (.text:ti_sysbios_knl_Semaphore_pend__E)
                  c3735860    00000300                   : BIOS.obj (.text:ti_sysbios_knl_Task_Instance_finalize__F)
                  c3735b60    000002e0     ipc.ae674 : Ipc.obj (.text:ListMP_getHead)
                  c3735e40    000002e0               : Ipc.obj (.text:ti_sdo_ipc_Ipc_procSyncStart__I)
                  c3736120    000002e0               : Ipc.obj (.text:ti_sdo_ipc_nsremote_NameServerRemoteNotify_Instance_init__F)
                  c3736400    000002c0     ti.syslink.ipc.rtos.ae674 : FrameQ_ShMem.oe674 (.text:FrameQ_ShMem_registerNotifier)
                  c37366c0    000002c0     ipc.ae674 : Ipc.obj (.text:NameServer_get)
                  c3736980    000002c0     sysbios.ae674 : BIOS.obj (.text:ti_sysbios_timers_timer64_Timer_Module_startup__F)
                  c3736c40    000002a0     resource_sync.obj (.text)
                  c3736ee0    000002a0     ipc.ae674 : Ipc.obj (.text:ti_sdo_ipc_transports_TransportShm_Instance_finalize__F)
                  c3737180    000002a0     sysbios.ae674 : BIOS.obj (.text:ti_sysbios_timers_timer64_Timer_deviceConfig__I)
                  c3737420    00000280     ipc.ae674 : Ipc.obj (.text:ListMP_putHead)
                  c37376a0    00000280               : Ipc.obj (.text:ListMP_putTail)
                  c3737920    00000280               : Ipc.obj (.text:ListMP_remove)
                  c3737ba0    00000280               : Ipc.obj (.text:ti_sdo_ipc_gates_GatePeterson_Instance_init__F)
                  c3737e20    00000280     ti.targets.rts6000.ae674 : Error.oe674 (.text:xdc_runtime_Error_raiseX__F)
                  c37380a0    00000260     ti.syslink.ipc.rtos.ae674 : FrameQBufMgr_ShMem.oe674 (.text:FrameQBufMgr_ShMem_Params_init)
                  c3738300    00000260     ipc.ae674 : Ipc.obj (.text:GateMP_openByAddr)
                  c3738560    00000260               : Ipc.obj (.text:Ipc_start)
                  c37387c0    00000260     rts6740_elf.lib : imath64.obj (.text:__c6xabi_divull)
                  c3738a20    00000260     sysbios.ae674 : BIOS.obj (.text:ti_sysbios_family_c64p_Exception_internalHandler__I)
                  c3738c80    00000260                   : BIOS.obj (.text:ti_sysbios_timers_timer64_Timer_setPeriodMicroSecs__E)
                  c3738ee0    00000260     ti.targets.rts6000.ae674 : Startup.oe674 (.text:xdc_runtime_Startup_startMods__I)
                  c3739140    00000260     dsp_pe674.oe674 (.text:xdc_runtime_System_printfExtend__I)
                  c37393a0    00000240     ti.syslink.ipc.rtos.ae674 : FrameQ_ShMem.oe674 (.text:FrameQ_ShMem_unregisterNotifier)
                  c37395e0    00000240                               : FrameQ.oe674 (.text:FrameQ_setup)
                  c3739820    00000240     ipc.ae674 : Ipc.obj (.text:Notify_unregisterEvent)
                  c3739a60    00000240               : Ipc.obj (.text:ti_sdo_ipc_family_da830_NotifySetup_attach__E)
                  c3739ca0    00000240               : Ipc.obj (.text:ti_sdo_ipc_heaps_HeapMemMP_getStats__E)
                  c3739ee0    00000240     ti.targets.rts6000.ae674 : LoggerBuf.oe674 (.text:xdc_runtime_LoggerBuf_write8__F)
                  c373a120    00000220     ti.syslink.ipc.rtos.ae674 : ClientNotifyMgr.oe674 (.text:ClientNotifyMgr_destroy)
                  c373a340    00000220                               : FrameQ_ShMem.oe674 (.text:FrameQ_ShMem_sharedMemReq)
                  c373a560    00000220                               : SyslinkMemMgr.oe674 (.text:SyslinkMemMgr_create)
                  c373a780    00000220     ipc.ae674 : Ipc.obj (.text:ti_sdo_ipc_nsremote_NameServerRemoteNotify_swiFxn__I)
                  c373a9a0    00000220     sysbios.ae674 : BIOS.obj (.text:ti_sysbios_family_c64p_Hwi_reconfig__E)
                  c373abc0    00000220                   : BIOS.obj (.text:ti_sysbios_gates_GateMutexPri_enter__E)
                  c373ade0    00000220     ti.targets.rts6000.ae674 : Core-mem.oe674 (.text:xdc_runtime_Core_createObject__I)
                  c373b000    00000200     sysbios.ae674 : c64p_Hwi_disp_always.obj (.text:_ti_sysbios_family_c64p_Hwi_dispatchAlways)
                  c373b200    00000200     ipc.ae674 : Ipc.obj (.text:ti_sdo_ipc_Ipc_procSyncFinish__I)
                  c373b400    00000200               : Ipc.obj (.text:ti_sdo_ipc_notifyDrivers_NotifyDriverShm_Instance_init__F)
                  c373b600    00000200               : Ipc.obj (.text:ti_sdo_ipc_notifyDrivers_NotifyDriverShm_sendEvent__E)
                  c373b800    000001e0     ti.syslink.ipc.rtos.ae674 : FrameQBufMgr.oe674 (.text:FrameQBufMgr_setup)
                  c373b9e0    000001e0                               : FrameQ_ShMem.oe674 (.text:FrameQ_ShMem_getNumFrames)
                  c373bbc0    000001e0     ipc.ae674 : Ipc.obj (.text:GateMP_sharedMemReq)
                  c373bda0    000001e0               : Ipc.obj (.text:ListMP_openByAddr)
                  c373bf80    000001e0               : Ipc.obj (.text:ti_sdo_utils_NameServer_Instance_finalize__F)
                  c373c160    000001e0     sysbios.ae674 : BIOS.obj (.text:ti_sysbios_family_c64p_Exception_externalHandler__I)
                  c373c340    000001e0                   : BIOS.obj (.text:ti_sysbios_knl_Task_Instance_init__F)
                  c373c520    000001e0                   : BIOS.obj (.text:ti_sysbios_knl_Task_checkStacks__E)
                  c373c700    000001c0     syslink.obj (.text)
                  c373c8c0    000001c0     syslink_service.obj (.text)
                  c373ca80    000001c0     ipc.ae674 : Ipc.obj (.text:ti_sdo_ipc_GateMP_getFreeResource__I)
                  c373cc40    000001c0               : Ipc.obj (.text:ti_sdo_ipc_heaps_HeapMemMP_postInit__I)
                  c373ce00    000001c0     sysbios.ae674 : BIOS.obj (.text:ti_sysbios_family_c64p_Cache_block__I)
                  c373cfc0    000001c0                   : BIOS.obj (.text:ti_sysbios_family_c64p_Exception_decodeMpfsr__I)
                  c373d180    000001c0                   : BIOS.obj (.text:ti_sysbios_knl_Task_exit__E)
                  c373d340    000001c0                   : BIOS.obj (.text:ti_sysbios_knl_Task_postInit__I)
                  c373d500    000001c0     ti.targets.rts6000.ae674 : Text.oe674 (.text:xdc_runtime_Text_putSite__F)
                  c373d6c0    000001a0     ti.syslink.ipc.rtos.ae674 : FrameQBufMgr_ShMem.oe674 (.text:FrameQBufMgr_ShMem_setup)
                  c373d860    000001a0                               : FrameQBufMgr.oe674 (.text:FrameQBufMgr_delete)
                  c373da00    000001a0     ipc.ae674 : Ipc.obj (.text:ti_sdo_ipc_notifyDrivers_NotifyDriverShm_registerEvent__E)
                  c373dba0    000001a0               : Ipc.obj (.text:ti_sdo_ipc_notifyDrivers_NotifyDriverShm_unregisterEvent__E)
                  c373dd40    000001a0               : Ipc.obj (.text:ti_sdo_utils_NameServer_Instance_init__F)
                  c373dee0    000001a0     sysbios.ae674 : BIOS.obj (.text:ti_sysbios_timers_timer64_Timer_start__E)
                  c373e080    000001a0     ti.targets.rts6000.ae674 : LoggerBuf.oe674 (.text:xdc_runtime_LoggerBuf_write4__F)
                  c373e220    00000180     ipc.ae674 : Ipc.obj (.text:NameServer_getHandle)
                  c373e3a0    00000180     ti.syslink.ipc.rtos.ae674 : RingIO.oe674 (.text:RingIO_setup)
                  c373e520    00000180     sysbios.ae674 : c64p_Exception_asm.obj (.text)
                  c373e6a0    00000180     ipc.ae674 : Ipc.obj (.text:ti_sdo_ipc_gates_GatePeterson_enter__E)
                  c373e820    00000180               : Ipc.obj (.text:ti_sdo_ipc_notifyDrivers_NotifyDriverShm_isr__I)
                  c373e9a0    00000180     sysbios.ae674 : BIOS.obj (.text:ti_sysbios_heaps_HeapMem_alloc__E)
                  c373eb20    00000180                   : BIOS.obj (.text:ti_sysbios_knl_Swi_schedule__I)
                  c373eca0    00000180                   : BIOS.obj (.text:ti_sysbios_knl_Task_setPri__E)
                  c373ee20    00000160     ti.syslink.ipc.rtos.ae674 : ClientNotifyMgr.oe674 (.text:ClientNotifyMgr_waitOnMultiSubEntryNotify)
                  c373ef80    00000160                               : FrameQBufMgr_ShMem.oe674 (.text:FrameQBufMgr_ShMem_invalidate)
                  c373f0e0    00000160                               : FrameQBufMgr_ShMem.oe674 (.text:FrameQBufMgr_ShMem_writeBack)
                  c373f240    00000160                               : FrameQ_ShMem.oe674 (.text:FrameQ_ShMem_setup)
                  c373f3a0    00000160                               : FrameQ.oe674 (.text:FrameQ_destroy)
                  c373f500    00000160                               : _Syslink.oe674 (.text:SysLink_setup)
                  c373f660    00000160     server.obj (.text)
                  c373f7c0    00000160     ipc.ae674 : Ipc.obj (.text:ti_sdo_ipc_GateMP_openRegion0Reserved__F)
                  c373f920    00000160               : Ipc.obj (.text:ti_sdo_ipc_ListMP_Instance_finalize__F)
                  c373fa80    00000160               : Ipc.obj (.text:ti_sdo_ipc_Notify_Instance_init__F)
                  c373fbe0    00000160               : Ipc.obj (.text:ti_sdo_ipc_heaps_HeapMemMP_Instance_finalize__F)
                  c373fd40    00000160               : Ipc.obj (.text:ti_sdo_utils_NameServer_removeLocal__I)
                  c373fea0    00000160     sysbios.ae674 : BIOS.obj (.text:ti_sysbios_knl_Task_schedule__I)
                  c3740000    00000160                   : BIOS.obj (.text:ti_sysbios_knl_Task_startCore__E)
                  c3740160    00000140     ipc.ae674 : Ipc.obj (.text:HeapMemMP_openByAddr)
                  c37402a0    00000140               : Ipc.obj (.text:MessageQ_put)
                  c37403e0    00000140               : Ipc.obj (.text:Notify_registerEvent)
                  c3740520    00000140     boot.ae674 : autoinit.oe674 (.text:_auto_init_elf)
                  c3740660    00000140     ipc.ae674 : Ipc.obj (.text:ti_sdo_ipc_SharedRegion_start__F)
                  c37407a0    00000140               : Ipc.obj (.text:ti_sdo_ipc_notifyDrivers_NotifyDriverShm_disableEvent__E)
                  c37408e0    00000140               : Ipc.obj (.text:ti_sdo_ipc_transports_TransportShm_openByAddr__F)
                  c3740a20    00000140               : Ipc.obj (.text:ti_sdo_ipc_transports_TransportShm_put__E)
                  c3740b60    00000140     sysbios.ae674 : BIOS.obj (.text:ti_sysbios_heaps_HeapMem_free__E)
                  c3740ca0    00000140                   : BIOS.obj (.text:ti_sysbios_knl_Task_Module_startup__F)
                  c3740de0    00000140                   : BIOS.obj (.text:ti_sysbios_knl_Task_sleep__E)
                  c3740f20    00000140     ti.targets.rts6000.ae674 : Text.oe674 (.text:xdc_runtime_Text_putLab__F)
                  c3741060    00000120     ti.syslink.ipc.rtos.ae674 : FrameQBufMgr_ShMem.oe674 (.text:FrameQBufMgr_ShMem_getvNumFreeFrames)
                  c3741180    00000120                               : FrameQBufMgr_ShMem.oe674 (.text:FrameQBufMgr_ShMem_open)
                  c37412a0    00000120     ipc.ae674 : Ipc.obj (.text:HeapMemMP_sharedMemReq)
                  c37413c0    00000120               : Ipc.obj (.text:ti_sdo_ipc_MessageQ_Module_startup__F)
                  c37414e0    00000120               : Ipc.obj (.text:ti_sdo_ipc_transports_TransportShm_sharedMemReq__F)
                  c3741600    00000120     sysbios.ae674 : BIOS.obj (.text:ti_sysbios_family_c64p_Exception_Module_startup__F)
                  c3741720    00000120                   : BIOS.obj (.text:ti_sysbios_knl_Clock_workFunc__E)
                  c3741840    00000120     ti.targets.rts6000.ae674 : LoggerBuf.oe674 (.text:xdc_runtime_LoggerBuf_setFilterLevel__F)
                  c3741960    00000120                              : Text.oe674 (.text:xdc_runtime_Text_putMod__F)
                  c3741a80    00000100     ti.syslink.ipc.rtos.ae674 : ClientNotifyMgr.oe674 (.text:ClientNotifyMgr_swiFxn)
                  c3741b80    00000100                               : FrameQBufMgr_ShMem.oe674 (.text:FrameQBufMgr_Shmem_updateCacheFlags)
                  c3741c80    00000100                               : FrameQBufMgr.oe674 (.text:FrameQBufMgr_destroy)
                  c3741d80    00000100     ipc.ae674 : Ipc.obj (.text:ListMP_sharedMemReq)
                  c3741e80    00000100               : Ipc.obj (.text:MessageQ_count)
                  c3741f80    00000100               : Ipc.obj (.text:Notify_registerEventSingle)
                  c3742080    00000100               : Ipc.obj (.text:Notify_sendEvent)
                  c3742180    00000100               : Ipc.obj (.text:Notify_unregisterEventSingle)
                  c3742280    00000100     ti.syslink.ipc.rtos.ae674 : FrameQ_ShMem.oe674 (.text:_FrameQ_ShMem_resetNotifyId)
                  c3742380    00000100                               : FrameQ_ShMem.oe674 (.text:_FrameQ_ShMem_setNotifyId)
                  c3742480    00000100     ipc.ae674 : Ipc.obj (.text:ti_sdo_ipc_GateMP_start__F)
                  c3742580    00000100               : Ipc.obj (.text:ti_sdo_ipc_MessageQ_Instance_finalize__F)
                  c3742680    00000100               : Ipc.obj (.text:ti_sdo_ipc_Notify_Instance_finalize__F)
                  c3742780    00000100               : Ipc.obj (.text:ti_sdo_ipc_SharedRegion_attach__F)
                  c3742880    00000100               : Ipc.obj (.text:ti_sdo_ipc_SharedRegion_clearReservedMemory__F)
                  c3742980    00000100               : Ipc.obj (.text:ti_sdo_ipc_nsremote_NameServerRemoteNotify_Instance_finalize__F)
                  c3742a80    00000100               : Ipc.obj (.text:ti_sdo_ipc_transports_TransportShmSetup_attach__E)
                  c3742b80    00000100               : Ipc.obj (.text:ti_sdo_utils_NameServer_findLocal__I)
                  c3742c80    00000100     sysbios.ae674 : BIOS.obj (.text:ti_sysbios_family_c64p_Hwi_Module_startup__F)
                  c3742d80    00000100                   : BIOS.obj (.text:ti_sysbios_family_c64p_Hwi_dispatchC__I)
                  c3742e80    00000100                   : BIOS.obj (.text:ti_sysbios_gates_GateMutexPri_leave__E)
                  c3742f80    00000100                   : BIOS.obj (.text:ti_sysbios_knl_Clock_startI__E)
                  c3743080    00000100                   : BIOS.obj (.text:ti_sysbios_knl_Semaphore_post__E)
                  c3743180    00000100                   : BIOS.obj (.text:ti_sysbios_knl_Swi_restoreHwi__E)
                  c3743280    00000100                   : BIOS.obj (.text:ti_sysbios_timers_timer64_Timer_initDevice__I)
                  c3743380    00000100     ti.targets.rts6000.ae674 : Core-mem.oe674 (.text:xdc_runtime_Core_deleteObject__I)
                  c3743480    00000100                              : LoggerBuf.oe674 (.text:xdc_runtime_LoggerBuf_getFilterLevel__F)
                  c3743580    00000100                              : Startup.oe674 (.text:xdc_runtime_Startup_exec__F)
                  c3743680    00000100                              : Text.oe674 (.text:xdc_runtime_Text_visitRope2__I)
                  c3743780    000000e0     ti.syslink.ipc.rtos.ae674 : ClientNotifyMgr.oe674 (.text:ClientNotifyMgr_cbFxn)
                  c3743860    000000e0                               : ClientNotifyMgr.oe674 (.text:ClientNotifyMgr_enableNotification)
                  c3743940    000000e0                               : ClientNotifyMgr.oe674 (.text:ClientNotifyMgr_thFxn)
                  c3743a20    000000e0                               : FrameQBufMgr.oe674 (.text:FrameQBufMgr_getHandle)
                  c3743b00    000000e0                               : FrameQBufMgr.oe674 (.text:FrameQBufMgr_getInstNo)
                  c3743be0    000000e0                               : FrameQ_ShMem.oe674 (.text:FrameQ_ShMem_open)
                  c3743cc0    000000e0     ipc.ae674 : Ipc.obj (.text:MessageQ_get)
                  c3743da0    000000e0               : Ipc.obj (.text:NameServer_getLocal)
                  c3743e80    000000e0     ti.syslink.ipc.rtos.ae674 : RingIOShm.oe674 (.text:RingIOShm_setup)
                  c3743f60    000000e0                               : RingIO.oe674 (.text:RingIO_destroy)
                  c3744040    000000e0                               : SharedMemoryMgr.oe674 (.text:SyslinkMemMgr_SharedMemory_translate)
                  c3744120    000000e0     rts6740_elf.lib : memset.obj (.text:memset)
                  c3744200    000000e0     ipc.ae674 : Ipc.obj (.text:ti_sdo_ipc_Ipc_getMasterAddr__I)
                  c37442e0    000000e0               : Ipc.obj (.text:ti_sdo_ipc_Ipc_getSlaveAddr__I)
                  c37443c0    000000e0               : Ipc.obj (.text:ti_sdo_ipc_MessageQ_grow__I)
                  c37444a0    000000e0               : Ipc.obj (.text:ti_sdo_ipc_Notify_detach__F)
                  c3744580    000000e0               : Ipc.obj (.text:ti_sdo_ipc_SharedRegion_reserveMemory__F)
                  c3744660    000000e0               : Ipc.obj (.text:ti_sdo_ipc_SharedRegion_stop__F)
                  c3744740    000000e0               : Ipc.obj (.text:ti_sdo_ipc_gates_GatePeterson_sharedMemReq__E)
                  c3744820    000000e0               : Ipc.obj (.text:ti_sdo_utils_NameServer_Module_startup__F)
                  c3744900    000000e0     sysbios.ae674 : BIOS.obj (.text:ti_sysbios_family_c64p_Cache_Module_startup__F)
                  c37449e0    000000e0                   : BIOS.obj (.text:ti_sysbios_family_c64p_Hwi_Instance_finalize__F)
                  c3744ac0    000000e0                   : BIOS.obj (.text:ti_sysbios_family_c64p_Hwi_Instance_init__F)
                  c3744ba0    000000e0                   : BIOS.obj (.text:ti_sysbios_knl_Task_unblockI__E)
                  c3744c80    000000e0     ti.targets.rts6000.ae674 : Error.oe674 (.text:xdc_runtime_Error_print__F)
                  c3744d60    000000e0                              : Memory.oe674 (.text:xdc_runtime_Memory_alloc__F)
                  c3744e40    000000c0     ti.syslink.ipc.rtos.ae674 : ClientNotifyMgr.oe674 (.text:ClientNotifyMgr_sharedMemReq)
                  c3744f00    000000c0                               : FrameQBufMgr_ShMem.oe674 (.text:FrameQBufMgr_ShMem_destroy)
                  c3744fc0    000000c0                               : FrameQ_ShMem.oe674 (.text:FrameQ_Shmem_updateCacheFlags)
                  c3745080    000000c0     rts6740_elf.lib : trgdrv.obj (.text:HOSTwrite)
                  c3745140    000000c0     ipc.ae674 : Ipc.obj (.text:HeapMemMP_create)
                  c3745200    000000c0               : Ipc.obj (.text:Ipc_stop)
                  c37452c0    000000c0               : Ipc.obj (.text:ListMP_create)
                  c3745380    000000c0               : Ipc.obj (.text:MessageQ_create2)
                  c3745440    000000c0               : Ipc.obj (.text:MultiProc_getId)
                  c3745500    000000c0               : Ipc.obj (.text:NameServer_create)
                  c37455c0    000000c0               : Ipc.obj (.text:SharedRegion_getId)
                  c3745680    000000c0     ti.syslink.ipc.rtos.ae674 : SyslinkMemMgr.oe674 (.text:SyslinkMemMgr_delete)
                  c3745740    000000c0     rts6740_elf.lib : dtor_list.obj (.text:_Z11__TI_atexitPFYvPvES_S_)
                  c3745800    000000c0                     : dtor_list.obj (.text:__cxa_finalize)
                  c37458c0    000000c0                     : divu.obj (.text:__divu)
                  c3745980    000000c0                     : exit.obj (.text:exit)
                  c3745a40    000000c0     message_heap.obj (.text)
                  c3745b00    000000c0     dsp_pe674.oe674 (.text:ti_sdo_ipc_GateMP_Object__create__S)
                  c3745bc0    000000c0     ipc.ae674 : Ipc.obj (.text:ti_sdo_ipc_GateMP_attach__F)
                  c3745c80    000000c0     dsp_pe674.oe674 (.text:ti_sdo_ipc_ListMP_Object__create__S)
                  c3745d40    000000c0     ipc.ae674 : Ipc.obj (.text:ti_sdo_ipc_ListMP_elemClear__I)
                  c3745e00    000000c0     dsp_pe674.oe674 (.text:ti_sdo_ipc_MessageQ_Object__create__S)
                  c3745ec0    000000c0     dsp_pe674.oe674 (.text:ti_sdo_ipc_Notify_Object__create__S)
                  c3745f80    000000c0     ipc.ae674 : Ipc.obj (.text:ti_sdo_ipc_Notify_execMany__I)
                  c3746040    000000c0               : Ipc.obj (.text:ti_sdo_ipc_SharedRegion_detach__F)
                  c3746100    000000c0               : Ipc.obj (.text:ti_sdo_ipc_family_da830_InterruptDsp_intRegister__E)
                  c37461c0    000000c0     dsp_pe674.oe674 (.text:ti_sdo_ipc_gates_GatePeterson_Object__create__S)
                  c3746280    000000c0     ipc.ae674 : Ipc.obj (.text:ti_sdo_ipc_gates_GatePeterson_postInit__I)
                  c3746340    000000c0     dsp_pe674.oe674 (.text:ti_sdo_ipc_heaps_HeapMemMP_Object__create__S)
                  c3746400    000000c0     dsp_pe674.oe674 (.text:ti_sdo_ipc_notifyDrivers_NotifyDriverShm_Object__create__S)
                  c37464c0    000000c0     dsp_pe674.oe674 (.text:ti_sdo_ipc_nsremote_NameServerRemoteNotify_Object__create__S)
                  c3746580    000000c0     ipc.ae674 : Ipc.obj (.text:ti_sdo_ipc_nsremote_NameServerRemoteNotify_attach__E)
                  c3746640    000000c0     dsp_pe674.oe674 (.text:ti_sdo_ipc_transports_TransportShm_Object__create__S)
                  c3746700    000000c0     dsp_pe674.oe674 (.text:ti_sdo_utils_NameServer_Object__create__S)
                  c37467c0    000000c0     ipc.ae674 : Ipc.obj (.text:ti_sdo_utils_NameServer_postInit__I)
                  c3746880    000000c0     dsp_pe674.oe674 (.text:ti_sysbios_family_c64p_Hwi_Object__create__S)
                  c3746940    000000c0     sysbios.ae674 : BIOS.obj (.text:ti_sysbios_heaps_HeapMem_getStats__E)
                  c3746a00    000000c0                   : BIOS.obj (.text:ti_sysbios_knl_Swi_Instance_init__F)
                  c3746ac0    000000c0     dsp_pe674.oe674 (.text:ti_sysbios_knl_Swi_Object__create__S)
                  c3746b80    000000c0     sysbios.ae674 : BIOS.obj (.text:ti_sysbios_knl_Swi_run__I)
                  c3746c40    000000c0     dsp_pe674.oe674 (.text:ti_sysbios_knl_Task_Object__create__S)
                  c3746d00    000000c0     sysbios.ae674 : BIOS.obj (.text:ti_sysbios_knl_Task_allBlockedFunction__I)
                  c3746dc0    000000c0                   : BIOS.obj (.text:ti_sysbios_syncs_SyncSem_Instance_init__F)
                  c3746e80    000000c0     dsp_pe674.oe674 (.text:ti_sysbios_syncs_SyncSem_Object__create__S)
                  c3746f40    000000c0     sysbios.ae674 : BIOS.obj (.text:ti_sysbios_timers_timer64_Timer_startup__E)
                  c3747000    000000c0     ti.targets.rts6000.ae674 : LoggerBuf.oe674 (.text:xdc_runtime_LoggerBuf_Instance_init__F)
                  c37470c0    000000c0     dsp_pe674.oe674 (.text:xdc_runtime_LoggerBuf_Object__create__S)
                  c3747180    000000c0     dsp_pe674.oe674 (.text:xdc_runtime_Registry_findById__E)
                  c3747240    000000c0     ti.targets.rts6000.ae674 : System.oe674 (.text:xdc_runtime_System_formatNum__I)
                  c3747300    000000c0     dsp_pe674.oe674 (.text:xdc_runtime_knl_GateThread_Object__create__S)
                  c37473c0    000000a0     ti.syslink.ipc.rtos.ae674 : FrameQBufMgr_ShMem.oe674 (.text:FrameQBufMgr_ShMem_getNumFreeFrames)
                  c3747460    000000a0                               : FrameQBufMgr_ShMem.oe674 (.text:FrameQBufMgr_ShMem_registerNotifier)
                  c3747500    000000a0                               : FrameQBufMgr_ShMem.oe674 (.text:FrameQBufMgr_ShMem_translateAddr)
                  c37475a0    000000a0     ipc.ae674 : Ipc.obj (.text:SharedRegion_getPtr)
                  c3747640    000000a0               : Ipc.obj (.text:SharedRegion_getSRPtr)
                  c37476e0    000000a0     rts6740_elf.lib : remu.obj (.text:__remu)
                  c3747780    000000a0     boot.ae674 : boot.oe674 (.text:_c_int00)
                  c3747820    000000a0     sysbios.ae674 : c64p_Hwi_asm.obj (.text:_ti_sysbios_family_c64p_Hwi_plug__E)
                  c37478c0    000000a0     rts6740_elf.lib : memcpy64.obj (.text:memcpy)
                  c3747960    000000a0     ipc.ae674 : Ipc.obj (.text:ti_sdo_ipc_GateMP_detach__F)
                  c3747a00    000000a0               : Ipc.obj (.text:ti_sdo_ipc_GateMP_getRegion0ReservedSize__F)
                  c3747aa0    000000a0               : Ipc.obj (.text:ti_sdo_ipc_GateMP_stop__F)
                  c3747b40    000000a0               : Ipc.obj (.text:ti_sdo_ipc_gates_GatePeterson_leave__E)
                  c3747be0    000000a0               : Ipc.obj (.text:ti_sdo_ipc_notifyDrivers_NotifyDriverShm_Instance_finalize__F)
                  c3747c80    000000a0               : Ipc.obj (.text:ti_sdo_ipc_transports_TransportShmSetup_detach__E)
                  c3747d20    000000a0     sysbios.ae674 : BIOS.obj (.text:ti_sysbios_family_c64p_Hwi_eventMap__E)
                  c3747dc0    000000a0                   : BIOS.obj (.text:ti_sysbios_family_c64p_Hwi_getStackInfo__E)
                  c3747e60    000000a0                   : BIOS.obj (.text:ti_sysbios_gates_GateMutex_enter__E)
                  c3747f00    000000a0                   : BIOS.obj (.text:ti_sysbios_heaps_HeapMem_init__I)
                  c3747fa0    000000a0                   : BIOS.obj (.text:ti_sysbios_knl_Idle_run__E)
                  c3748040    000000a0                   : BIOS.obj (.text:ti_sysbios_knl_Semaphore_pendTimeout__I)
                  c37480e0    000000a0                   : BIOS.obj (.text:ti_sysbios_knl_Swi_restore__E)
                  c3748180    000000a0                   : BIOS.obj (.text:ti_sysbios_syncs_SyncSem_wait__F)
                  c3748220    000000a0                   : BIOS.obj (.text:ti_sysbios_timers_timer64_Timer_stop__E)
                  c37482c0    000000a0     ti.targets.rts6000.ae674 : Assert.oe674 (.text:xdc_runtime_Assert_raise__I)
                  c3748360    000000a0                              : LoggerBuf.oe674 (.text:xdc_runtime_LoggerBuf_Module_startup__F)
                  c3748400    000000a0                              : SysMin.oe674 (.text:xdc_runtime_SysMin_abort__F)
                  c37484a0    000000a0                              : SysMin.oe674 (.text:xdc_runtime_SysMin_flush__F)
                  c3748540    000000a0                              : SysMin.oe674 (.text:xdc_runtime_SysMin_putch__F)
                  c37485e0    000000a0                              : Text.oe674 (.text:xdc_runtime_Text_xprintf__I)
                  c3748680    00000080     ti.syslink.ipc.rtos.ae674 : FrameQBufMgr_ShMem.oe674 (.text:FrameQBufMgr_ShMem_invalidateHeaderBuf)
                  c3748700    00000080                               : FrameQBufMgr.oe674 (.text:FrameQBufMgr_freeInstNo)
                  c3748780    00000080                               : FrameQ_ShMem.oe674 (.text:FrameQ_ShMem_destroy)
                  c3748800    00000080     ipc.ae674 : Ipc.obj (.text:GateMP_close)
                  c3748880    00000080               : Ipc.obj (.text:GateMP_create)
                  c3748900    00000080               : Ipc.obj (.text:HeapMemMP_restore)
                  c3748980    00000080               : Ipc.obj (.text:SharedRegion_getEntry)
                  c3748a00    00000080     ti.syslink.ipc.rtos.ae674 : SharedMemoryMgr.oe674 (.text:SyslinkMemMgr_SharedMemory_delete)
                  c3748a80    00000080                               : TilerMemoryMgr.oe674 (.text:SyslinkMemMgr_TilerMemory_delete)
                  c3748b00    00000080     rts6740_elf.lib : llshift.obj (.text:__c6xabi_llshl)
                  c3748b80    00000080     sysbios.ae674 : c62_TaskSupport_asm.obj (.text:_ti_sysbios_family_c62_TaskSupport_swap__E)
                  c3748c00    00000080     dsp_pe674.oe674 (.text:malloc)
                  c3748c80    00000080     rts6740_elf.lib : trgmsg.obj (.text:readmsg)
                  c3748d00    00000080                     : strncpy.obj (.text:strncpy)
                  c3748d80    00000080     ipc.ae674 : Ipc.obj (.text:ti_sdo_ipc_Notify_Module_startup__F)
                  c3748e00    00000080               : Ipc.obj (.text:ti_sdo_ipc_family_da830_NotifySetup_sharedMemReq__E)
                  c3748e80    00000080     dsp_pe674.oe674 (.text:ti_sdo_ipc_gates_GateMPSupportNull_Object__create__S)
                  c3748f00    00000080     ipc.ae674 : Ipc.obj (.text:ti_sdo_ipc_notifyDrivers_NotifyDriverShm_sharedMemReq__F)
                  c3748f80    00000080               : Ipc.obj (.text:ti_sdo_ipc_nsremote_NameServerRemoteNotify_detach__E)
                  c3749000    00000080               : Ipc.obj (.text:ti_sdo_ipc_transports_TransportShm_swiFxn__I)
                  c3749080    00000080     dsp_pe674.oe674 (.text:ti_sdo_utils_List_Object__create__S)
                  c3749100    00000080     sysbios.ae674 : BIOS.obj (.text:ti_sysbios_BIOS_errorRaiseHook__I)
                  c3749180    00000080     dsp_pe674.oe674 (.text:ti_sysbios_gates_GateAll_Object__create__S)
                  c3749200    00000080     dsp_pe674.oe674 (.text:ti_sysbios_gates_GateHwi_Object__create__S)
                  c3749280    00000080     dsp_pe674.oe674 (.text:ti_sysbios_gates_GateMutexPri_Object__create__S)
                  c3749300    00000080     dsp_pe674.oe674 (.text:ti_sysbios_gates_GateMutex_Object__create__S)
                  c3749380    00000080     dsp_pe674.oe674 (.text:ti_sysbios_gates_GateSwi_Object__create__S)
                  c3749400    00000080     sysbios.ae674 : BIOS.obj (.text:ti_sysbios_hal_Hwi_checkStack:ti_sysbios_hal_Hwi_checkStack)
                  c3749480    00000080                   : BIOS.obj (.text:ti_sysbios_hal_Hwi_initStack:ti_sysbios_hal_Hwi_initStack)
                  c3749500    00000080                   : BIOS.obj (.text:ti_sysbios_heaps_HeapMem_Instance_init__F)
                  c3749580    00000080     dsp_pe674.oe674 (.text:ti_sysbios_heaps_HeapMem_Object__create__S)
                  c3749600    00000080     sysbios.ae674 : BIOS.obj (.text:ti_sysbios_knl_Clock_Module_startup__F)
                  c3749680    00000080                   : BIOS.obj (.text:ti_sysbios_knl_Clock_getTicks__E)
                  c3749700    00000080     dsp_pe674.oe674 (.text:ti_sysbios_knl_Queue_Object__create__S)
                  c3749780    00000080     dsp_pe674.oe674 (.text:ti_sysbios_knl_Semaphore_Object__create__S)
                  c3749800    00000080     sysbios.ae674 : BIOS.obj (.text:ti_sysbios_knl_Swi_post__E)
                  c3749880    00000080                   : BIOS.obj (.text:ti_sysbios_knl_Task_processVitalTaskFlag__I)
                  c3749900    00000080                   : BIOS.obj (.text:ti_sysbios_knl_Task_restoreHwi__E)
                  c3749980    00000080                   : BIOS.obj (.text:ti_sysbios_knl_Task_restore__E)
                  c3749a00    00000080                   : BIOS.obj (.text:ti_sysbios_knl_Task_yield__E)
                  c3749a80    00000080                   : BIOS.obj (.text:ti_sysbios_timers_timer64_Timer_getExpiredCounts__E)
                  c3749b00    00000080                   : BIOS.obj (.text:ti_sysbios_timers_timer64_Timer_getPeriod__E)
                  c3749b80    00000080     dsp_pe674.oe674 (.text:ti_sysbios_xdcruntime_GateThreadSupport_Object__create__S)
                  c3749c00    00000080     ti.targets.rts6000.ae674 : Core-label.oe674 (.text:xdc_runtime_Core_assignLabel__I)
                  c3749c80    00000080                              : Core-params.oe674 (.text:xdc_runtime_Core_assignParams__I)
                  c3749d00    00000080                              : LoggerBuf.oe674 (.text:xdc_runtime_LoggerBuf_filterOutEvent__I)
                  c3749d80    00000080                              : System.oe674 (.text:xdc_runtime_System_atexit__F)
                  c3749e00    00000080                              : System.oe674 (.text:xdc_runtime_System_putchar__I)
                  c3749e80    00000080                              : System.oe674 (.text:xdc_runtime_System_rtsExit__I)
                  c3749f00    00000080                              : Text.oe674 (.text:xdc_runtime_Text_printVisFxn__I)
                  c3749f80    00000060     ti.syslink.ipc.rtos.ae674 : ClientNotifyMgr.oe674 (.text:ClientNotifyMgr_Params_init)
                  c3749fe0    00000060                               : ClientNotifyMgr.oe674 (.text:ClientNotifyMgr_callBack)
                  c374a040    00000060                               : ClientNotifyMgr.oe674 (.text:ClientNotifyMgr_getConfig)
                  c374a0a0    00000060                               : ClientNotifyMgr.oe674 (.text:ClientNotifyMgr_setNameServer)
                  c374a100    00000060                               : FrameQBufMgr.oe674 (.text:FrameQBufMgr_Params_init)
                  c374a160    00000060                               : FrameQBufMgr_ShMem.oe674 (.text:FrameQBufMgr_ShMem_getConfig)
                  c374a1c0    00000060                               : FrameQBufMgr_ShMem.oe674 (.text:FrameQBufMgr_ShMem_invalidateFrameBuf)
                  c374a220    00000060                               : FrameQBufMgr_ShMem.oe674 (.text:FrameQBufMgr_ShMem_unregisterNotifier)
                  c374a280    00000060                               : FrameQBufMgr_ShMem.oe674 (.text:FrameQBufMgr_ShMem_writeBackFrameBuf)
                  c374a2e0    00000060                               : FrameQBufMgr_ShMem.oe674 (.text:FrameQBufMgr_ShMem_writeBackHeaderBuf)
                  c374a340    00000060                               : FrameQBufMgr.oe674 (.text:FrameQBufMgr_getConfig)
                  c374a3a0    00000060                               : FrameQ_ShMem.oe674 (.text:FrameQ_ShMem_alloc)
                  c374a400    00000060                               : FrameQ_ShMem.oe674 (.text:FrameQ_ShMem_allocv)
                  c374a460    00000060                               : FrameQ_ShMem.oe674 (.text:FrameQ_ShMem_freev)
                  c374a4c0    00000060                               : FrameQ_ShMem.oe674 (.text:FrameQ_ShMem_getConfig)
                  c374a520    00000060     ipc.ae674 : Ipc.obj (.text:GateMP_Params_init)
                  c374a580    00000060               : Ipc.obj (.text:HeapMemMP_Params_init)
                  c374a5e0    00000060               : Ipc.obj (.text:Ipc_isAttached)
                  c374a640    00000060               : Ipc.obj (.text:MessageQ_open)
                  c374a6a0    00000060               : Ipc.obj (.text:Notify_numIntLines)
                  c374a700    00000060               : Ipc.obj (.text:Notify_sharedMemReq)
                  c374a760    00000060               : Ipc.obj (.text:SharedRegion_getCacheLineSize)
                  c374a7c0    00000060               : Ipc.obj (.text:SharedRegion_getHeap)
                  c374a820    00000060               : Ipc.obj (.text:SharedRegion_isCacheEnabled)
                  c374a880    00000060     ti.syslink.ipc.rtos.ae674 : SharedMemoryMgr.oe674 (.text:SyslinkMemMgr_SharedMemory_alloc)
                  c374a8e0    00000060                               : SharedMemoryMgr.oe674 (.text:SyslinkMemMgr_SharedMemory_create)
                  c374a940    00000060                               : SharedMemoryMgr.oe674 (.text:SyslinkMemMgr_SharedMemory_free)
                  c374a9a0    00000060                               : TilerMemoryMgr.oe674 (.text:SyslinkMemMgr_TilerMemory_create)
                  c374aa00    00000060                               : SyslinkMemMgr.oe674 (.text:SyslinkMemMgr_alloc)
                  c374aa60    00000060                               : SyslinkMemMgr.oe674 (.text:SyslinkMemMgr_free)
                  c374aac0    00000060     rts6740_elf.lib : imath64.obj (.text:_subcull)
                  c374ab20    00000060     dsp_pe674.oe674 (.text:calloc)
                  c374ab80    00000060     ipc.ae674 : Ipc.obj (.text:ti_sdo_ipc_GateMP_createLocal__F)
                  c374abe0    00000060               : Ipc.obj (.text:ti_sdo_ipc_Ipc_getRegion0ReservedSize__I)
                  c374ac40    00000060               : Ipc.obj (.text:ti_sdo_ipc_gates_GatePeterson_Instance_finalize__F)
                  c374aca0    00000060               : Ipc.obj (.text:ti_sdo_ipc_notifyDrivers_NotifyDriverShm_enableEvent__E)
                  c374ad00    00000060               : Ipc.obj (.text:ti_sdo_ipc_notifyDrivers_NotifyDriverShm_setNotifyHandle__E)
                  c374ad60    00000060               : Ipc.obj (.text:ti_sdo_ipc_transports_TransportShmSetup_sharedMemReq__E)
                  c374adc0    00000060     dsp_pe674.oe674 (.text:ti_sysbios_BIOS_exitFunc__I)
                  c374ae20    00000060     sysbios.ae674 : BIOS.obj (.text:ti_sysbios_BIOS_registerRTSLock__I)
                  c374ae80    00000060                   : BIOS.obj (.text:ti_sysbios_BIOS_removeRTSLock__I)
                  c374aee0    00000060                   : BIOS.obj (.text:ti_sysbios_BIOS_rtsLock__I)
                  c374af40    00000060                   : BIOS.obj (.text:ti_sysbios_family_c62_TaskSupport_start__E)
                  c374afa0    00000060                   : BIOS.obj (.text:ti_sysbios_family_c64p_Cache_all__I)
                  c374b000    00000060                   : BIOS.obj (.text:ti_sysbios_family_c64p_Cache_marInit__I)
                  c374b060    00000060                   : BIOS.obj (.text:ti_sysbios_family_c64p_Cache_setMar__E)
                  c374b0c0    00000060                   : BIOS.obj (.text:ti_sysbios_family_c64p_Cache_setSize__E)
                  c374b120    00000060                   : BIOS.obj (.text:ti_sysbios_family_c64p_Cache_wait__E)
                  c374b180    00000060                   : BIOS.obj (.text:ti_sysbios_gates_GateAll_enter__E)
                  c374b1e0    00000060                   : BIOS.obj (.text:ti_sysbios_gates_GateAll_leave__E)
                  c374b240    00000060                   : BIOS.obj (.text:ti_sysbios_gates_GateMutex_Instance_init__F)
                  c374b2a0    00000060     dsp_pe674.oe674 (.text:ti_sysbios_knl_Clock_doTick__I)
                  c374b300    00000060     sysbios.ae674 : BIOS.obj (.text:ti_sysbios_knl_Clock_setupTimerToSkipTicks__E)
                  c374b360    00000060                   : BIOS.obj (.text:ti_sysbios_knl_Semaphore_Instance_init__F)
                  c374b3c0    00000060                   : BIOS.obj (.text:ti_sysbios_knl_Swi_Module_startup__F)
                  c374b420    00000060                   : BIOS.obj (.text:ti_sysbios_knl_Task_enter__I)
                  c374b480    00000060                   : BIOS.obj (.text:ti_sysbios_knl_Task_sleepTimeout__I)
                  c374b4e0    00000060     ti.syslink.ipc.rtos.ae674 : Syslink.oe674 (.text:ti_syslink_ipc_rtos_Syslink_attach)
                  c374b540    00000060     rts6740_elf.lib : trgmsg.obj (.text:writemsg)
                  c374b5a0    00000060     ti.targets.rts6000.ae674 : Memory.oe674 (.text:xdc_runtime_Memory_calloc__F)
                  c374b600    00000060                              : Memory.oe674 (.text:xdc_runtime_Memory_valloc__F)
                  c374b660    00000060                              : SysMin.oe674 (.text:xdc_runtime_SysMin_Module_startup__F)
                  c374b6c0    00000060                              : SysMin.oe674 (.text:xdc_runtime_SysMin_exit__F)
                  c374b720    00000060     dsp_pe674.oe674 (.text:xdc_runtime_SysMin_output__I)
                  c374b780    00000060     ti.targets.rts6000.ae674 : System.oe674 (.text:xdc_runtime_System_aprintf_va__F)
                  c374b7e0    00000060                              : System.oe674 (.text:xdc_runtime_System_printf_va__F)
                  c374b840    00000060                              : Text.oe674 (.text:xdc_runtime_Text_cordText__F)
                  c374b8a0    00000040     ti.syslink.ipc.rtos.ae674 : FrameQ_ShMem.oe674 (.text:FrameQ_ShMem_dup)
                  c374b8e0    00000040                               : FrameQ_ShMem.oe674 (.text:FrameQ_ShMem_free)
                  c374b920    00000040                               : FrameQ_ShMem.oe674 (.text:FrameQ_ShMem_getNumFreeFrames)
                  c374b960    00000040                               : FrameQ_ShMem.oe674 (.text:FrameQ_ShMem_getvNumFreeFrames)
                  c374b9a0    00000040                               : FrameQ_ShMem.oe674 (.text:FrameQ_ShMem_sendNotify)
                  c374b9e0    00000040                               : FrameQ.oe674 (.text:FrameQ_getConfig)
                  c374ba20    00000040     ipc.ae674 : Ipc.obj (.text:MessageQ_create)
                  c374ba60    00000040               : Ipc.obj (.text:MessageQ_registerHeap)
                  c374baa0    00000040               : Ipc.obj (.text:MessageQ_unregisterHeap)
                  c374bae0    00000040               : Ipc.obj (.text:Notify_intLineRegistered)
                  c374bb20    00000040     ti.syslink.ipc.rtos.ae674 : RingIOShm.oe674 (.text:RingIOShm_destroy)
                  c374bb60    00000040                               : SharedMemoryMgr.oe674 (.text:SyslinkMemMgr_SharedMemory_Params_init)
                  c374bba0    00000040                               : TilerMemoryMgr.oe674 (.text:SyslinkMemMgr_TilerMemory_Params_init)
                  c374bbe0    00000040     rts6740_elf.lib : llshift.obj (.text:__c6xabi_llshru)
                  c374bc20    00000040                     : strasg.obj (.text:__strasgi_64plus)
                  c374bc60    00000040                     : args_main.obj (.text:_args_main)
                  c374bca0    00000040     sysbios.ae674 : c62_TaskSupport_asm.obj (.text:_ti_sysbios_family_c62_TaskSupport_buildTaskStack)
                  c374bce0    00000040                   : c64p_Hwi_asm_switch.obj (.text:_ti_sysbios_family_xxx_Hwi_switchToIsrStack)
                  c374bd20    00000040     dsp_pe674.oe674 (.text:free)
                  c374bd60    00000040     main_dsp.obj (.text)
                  c374bda0    00000040     ti.syslink.ipc.rtos.ae674 : FrameQBufMgr_ShMem.oe674 (.text:strcpy)
                  c374bde0    00000040     dsp_pe674.oe674 (.text:ti_sdo_ipc_GateMP_Object__delete__S)
                  c374be20    00000040     dsp_pe674.oe674 (.text:ti_sdo_ipc_ListMP_Object__delete__S)
                  c374be60    00000040     ipc.ae674 : Ipc.obj (.text:ti_sdo_ipc_MessageQ_registerTransport__F)
                  c374bea0    00000040               : Ipc.obj (.text:ti_sdo_ipc_MessageQ_unregisterTransport__F)
                  c374bee0    00000040     dsp_pe674.oe674 (.text:ti_sdo_ipc_Notify_Object__delete__S)
                  c374bf20    00000040     ipc.ae674 : Ipc.obj (.text:ti_sdo_ipc_Notify_exec__F)
                  c374bf60    00000040               : Ipc.obj (.text:ti_sdo_ipc_SharedRegion_resetInternalFields__F)
                  c374bfa0    00000040               : Ipc.obj (.text:ti_sdo_ipc_family_da830_InterruptDsp_intClear__E)
                  c374bfe0    00000040               : Ipc.obj (.text:ti_sdo_ipc_family_da830_InterruptDsp_intSend__E)
                  c374c020    00000040     dsp_pe674.oe674 (.text:ti_sdo_ipc_gates_GateMPSupportNull_Handle__label__S)
                  c374c060    00000040     dsp_pe674.oe674 (.text:ti_sdo_ipc_gates_GateMPSupportNull_Object__delete__S)
                  c374c0a0    00000040     dsp_pe674.oe674 (.text:ti_sdo_ipc_gates_GatePeterson_Handle__label__S)
                  c374c0e0    00000040     dsp_pe674.oe674 (.text:ti_sdo_ipc_gates_GatePeterson_Object__delete__S)
                  c374c120    00000040     dsp_pe674.oe674 (.text:ti_sdo_ipc_heaps_HeapMemMP_Handle__label__S)
                  c374c160    00000040     dsp_pe674.oe674 (.text:ti_sdo_ipc_heaps_HeapMemMP_Object__delete__S)
                  c374c1a0    00000040     dsp_pe674.oe674 (.text:ti_sdo_ipc_notifyDrivers_NotifyDriverShm_Handle__label__S)
                  c374c1e0    00000040     dsp_pe674.oe674 (.text:ti_sdo_ipc_notifyDrivers_NotifyDriverShm_Object__delete__S)
                  c374c220    00000040     dsp_pe674.oe674 (.text:ti_sdo_ipc_nsremote_NameServerRemoteNotify_Handle__label__S)
                  c374c260    00000040     dsp_pe674.oe674 (.text:ti_sdo_ipc_nsremote_NameServerRemoteNotify_Object__delete__S)
                  c374c2a0    00000040     ipc.ae674 : Ipc.obj (.text:ti_sdo_ipc_nsremote_NameServerRemoteNotify_sharedMemReq__E)
                  c374c2e0    00000040     dsp_pe674.oe674 (.text:ti_sdo_ipc_transports_TransportShm_Handle__label__S)
                  c374c320    00000040     dsp_pe674.oe674 (.text:ti_sdo_ipc_transports_TransportShm_Object__delete__S)
                  c374c360    00000040     dsp_pe674.oe674 (.text:ti_sdo_utils_List_Object__delete__S)
                  c374c3a0    00000040     dsp_pe674.oe674 (.text:ti_sdo_utils_List_Object__destruct__S)
                  c374c3e0    00000040     ipc.ae674 : Ipc.obj (.text:ti_sdo_utils_List_get__E)
                  c374c420    00000040               : Ipc.obj (.text:ti_sdo_utils_List_putHead__E)
                  c374c460    00000040               : Ipc.obj (.text:ti_sdo_utils_List_put__E)
                  c374c4a0    00000040     dsp_pe674.oe674 (.text:ti_sdo_utils_NameServer_Module__startupDone__F)
                  c374c4e0    00000040     dsp_pe674.oe674 (.text:ti_sdo_utils_NameServer_Object__delete__S)
                  c374c520    00000040     dsp_pe674.oe674 (.text:ti_sdo_utils_NameServer_Object__get__S)
                  c374c560    00000040     ipc.ae674 : Ipc.obj (.text:ti_sdo_utils_NameServer_registerRemoteDriver__E)
                  c374c5a0    00000040               : Ipc.obj (.text:ti_sdo_utils_NameServer_unregisterRemoteDriver__E)
                  c374c5e0    00000040     sysbios.ae674 : BIOS.obj (.text:ti_sysbios_BIOS_rtsUnlock__I)
                  c374c620    00000040     dsp_pe674.oe674 (.text:ti_sysbios_BIOS_startFunc__I)
                  c374c660    00000040     dsp_pe674.oe674 (.text:ti_sysbios_family_c64p_Hwi_Module__startupDone__F)
                  c374c6a0    00000040     dsp_pe674.oe674 (.text:ti_sysbios_family_c64p_Hwi_Object__delete__S)
                  c374c6e0    00000040     sysbios.ae674 : BIOS.obj (.text:ti_sysbios_family_c64p_Hwi_disableInterrupt__E)
                  c374c720    00000040                   : BIOS.obj (.text:ti_sysbios_family_c64p_Hwi_enableInterrupt__E)
                  c374c760    00000040                   : BIOS.obj (.text:ti_sysbios_family_c64p_primus_TimerSupport_enable__E)
                  c374c7a0    00000040     dsp_pe674.oe674 (.text:ti_sysbios_gates_GateAll_Handle__label__S)
                  c374c7e0    00000040     dsp_pe674.oe674 (.text:ti_sysbios_gates_GateAll_Object__delete__S)
                  c374c820    00000040     dsp_pe674.oe674 (.text:ti_sysbios_gates_GateHwi_Handle__label__S)
                  c374c860    00000040     dsp_pe674.oe674 (.text:ti_sysbios_gates_GateHwi_Object__delete__S)
                  c374c8a0    00000040     dsp_pe674.oe674 (.text:ti_sysbios_gates_GateMutexPri_Handle__label__S)
                  c374c8e0    00000040     sysbios.ae674 : BIOS.obj (.text:ti_sysbios_gates_GateMutexPri_Instance_init__F)
                  c374c920    00000040     dsp_pe674.oe674 (.text:ti_sysbios_gates_GateMutexPri_Object__delete__S)
                  c374c960    00000040     dsp_pe674.oe674 (.text:ti_sysbios_gates_GateMutexPri_Object__destruct__S)
                  c374c9a0    00000040     dsp_pe674.oe674 (.text:ti_sysbios_gates_GateMutex_Handle__label__S)
                  c374c9e0    00000040     dsp_pe674.oe674 (.text:ti_sysbios_gates_GateMutex_Object__delete__S)
                  c374ca20    00000040     sysbios.ae674 : BIOS.obj (.text:ti_sysbios_gates_GateMutex_leave__E)
                  c374ca60    00000040     dsp_pe674.oe674 (.text:ti_sysbios_gates_GateSwi_Handle__label__S)
                  c374caa0    00000040     dsp_pe674.oe674 (.text:ti_sysbios_gates_GateSwi_Object__delete__S)
                  c374cae0    00000040     dsp_pe674.oe674 (.text:ti_sysbios_hal_Timer_Module__startupDone__F)
                  c374cb20    00000040     dsp_pe674.oe674 (.text:ti_sysbios_heaps_HeapMem_Handle__label__S)
                  c374cb60    00000040     dsp_pe674.oe674 (.text:ti_sysbios_heaps_HeapMem_Object__delete__S)
                  c374cba0    00000040     dsp_pe674.oe674 (.text:ti_sysbios_heaps_HeapMem_Object__get__S)
                  c374cbe0    00000040     dsp_pe674.oe674 (.text:ti_sysbios_knl_Queue_Object__destruct__S)
                  c374cc20    00000040     sysbios.ae674 : BIOS.obj (.text:ti_sysbios_knl_Queue_put__E)
                  c374cc60    00000040     dsp_pe674.oe674 (.text:ti_sysbios_knl_Semaphore_Object__delete__S)
                  c374cca0    00000040     dsp_pe674.oe674 (.text:ti_sysbios_knl_Semaphore_Object__destruct__S)
                  c374cce0    00000040     dsp_pe674.oe674 (.text:ti_sysbios_knl_Swi_Object__delete__S)
                  c374cd20    00000040     dsp_pe674.oe674 (.text:ti_sysbios_knl_Swi_Object__destruct__S)
                  c374cd60    00000040     dsp_pe674.oe674 (.text:ti_sysbios_knl_Swi_Object__get__S)
                  c374cda0    00000040     dsp_pe674.oe674 (.text:ti_sysbios_knl_Task_Object__delete__S)
                  c374cde0    00000040     dsp_pe674.oe674 (.text:ti_sysbios_knl_Task_Object__get__S)
                  c374ce20    00000040     dsp_pe674.oe674 (.text:ti_sysbios_syncs_SyncSem_Handle__label__S)
                  c374ce60    00000040     dsp_pe674.oe674 (.text:ti_sysbios_syncs_SyncSem_Object__delete__S)
                  c374cea0    00000040     dsp_pe674.oe674 (.text:ti_sysbios_timers_timer64_Timer_Module__startupDone__F)
                  c374cee0    00000040     sysbios.ae674 : BIOS.obj (.text:ti_sysbios_xdcruntime_GateThreadSupport_Instance_init__F)
                  c374cf20    00000040     dsp_pe674.oe674 (.text:ti_sysbios_xdcruntime_GateThreadSupport_Object__delete__S)
                  c374cf60    00000040     ti.syslink.ipc.rtos.ae674 : Syslink.oe674 (.text:ti_syslink_ipc_rtos_Syslink_detach)
                  c374cfa0    00000040     ti.targets.rts6000.ae674 : Error.oe674 (.text:xdc_runtime_Error_check__F)
                  c374cfe0    00000040                              : Error.oe674 (.text:xdc_runtime_Error_init__F)
                  c374d020    00000040     dsp_pe674.oe674 (.text:xdc_runtime_GateNull_Handle__label__S)
                  c374d060    00000040     dsp_pe674.oe674 (.text:xdc_runtime_GateNull_Object__create__S)
                  c374d0a0    00000040     dsp_pe674.oe674 (.text:xdc_runtime_GateNull_Object__delete__S)
                  c374d0e0    00000040     dsp_pe674.oe674 (.text:xdc_runtime_LoggerBuf_Handle__label__S)
                  c374d120    00000040     ti.targets.rts6000.ae674 : LoggerBuf.oe674 (.text:xdc_runtime_LoggerBuf_Instance_finalize__F)
                  c374d160    00000040     dsp_pe674.oe674 (.text:xdc_runtime_LoggerBuf_Object__delete__S)
                  c374d1a0    00000040     dsp_pe674.oe674 (.text:xdc_runtime_LoggerBuf_Object__get__S)
                  c374d1e0    00000040     ti.targets.rts6000.ae674 : LoggerBuf.oe674 (.text:xdc_runtime_LoggerBuf_write0__F)
                  c374d220    00000040     dsp_pe674.oe674 (.text:xdc_runtime_LoggerBuf_write8__E)
                  c374d260    00000040     ti.targets.rts6000.ae674 : Memory.oe674 (.text:xdc_runtime_Memory_free__F)
                  c374d2a0    00000040                              : Registry.oe674 (.text:xdc_runtime_Registry_findById__F)
                  c374d2e0    00000040                              : System.oe674 (.text:xdc_runtime_System_abort__F)
                  c374d320    00000040     dsp_pe674.oe674 (.text:xdc_runtime_System_aprintf__E)
                  c374d360    00000040     dsp_pe674.oe674 (.text:xdc_runtime_System_printf__E)
                  c374d3a0    00000040     ti.targets.rts6000.ae674 : Text.oe674 (.text:xdc_runtime_Text_ropeText__F)
                  c374d3e0    00000040     dsp_pe674.oe674 (.text:xdc_runtime_knl_GateThread_Handle__label__S)
                  c374d420    00000040     ti.targets.rts6000.ae674 : GateThread.oe674 (.text:xdc_runtime_knl_GateThread_Instance_finalize__F)
                  c374d460    00000040                              : GateThread.oe674 (.text:xdc_runtime_knl_GateThread_Instance_init__F)
                  c374d4a0    00000040     dsp_pe674.oe674 (.text:xdc_runtime_knl_GateThread_Object__delete__S)
                  c374d4e0    00000020     ti.syslink.ipc.rtos.ae674 : ClientNotifyMgr.oe674 (.text:ClientNotifyMgr_close)
                  c374d500    00000020                               : ClientNotifyMgr.oe674 (.text:ClientNotifyMgr_create)
                  c374d520    00000020                               : ClientNotifyMgr.oe674 (.text:ClientNotifyMgr_deleteNameServer)
                  c374d540    00000020                               : FrameQBufMgr_ShMem.oe674 (.text:FrameQBufMgr_ShMem_add)
                  c374d560    00000020                               : FrameQBufMgr_ShMem.oe674 (.text:FrameQBufMgr_ShMem_close)
                  c374d580    00000020                               : FrameQBufMgr_ShMem.oe674 (.text:FrameQBufMgr_ShMem_control)
                  c374d5a0    00000020                               : FrameQBufMgr_ShMem.oe674 (.text:FrameQBufMgr_ShMem_getId)
                  c374d5c0    00000020                               : FrameQBufMgr_ShMem.oe674 (.text:FrameQBufMgr_ShMem_isCacheEnabledForFrameBuf)
                  c374d5e0    00000020                               : FrameQBufMgr_ShMem.oe674 (.text:FrameQBufMgr_ShMem_isCacheEnabledForHeaderBuf)
                  c374d600    00000020                               : FrameQBufMgr_ShMem.oe674 (.text:FrameQBufMgr_ShMem_remove)
                  c374d620    00000020                               : FrameQBufMgr.oe674 (.text:FrameQBufMgr_alloc)
                  c374d640    00000020                               : FrameQBufMgr.oe674 (.text:FrameQBufMgr_allocv)
                  c374d660    00000020                               : FrameQBufMgr.oe674 (.text:FrameQBufMgr_close)
                  c374d680    00000020                               : FrameQBufMgr.oe674 (.text:FrameQBufMgr_dup)
                  c374d6a0    00000020                               : FrameQBufMgr.oe674 (.text:FrameQBufMgr_dupv)
                  c374d6c0    00000020                               : FrameQBufMgr.oe674 (.text:FrameQBufMgr_free)
                  c374d6e0    00000020                               : FrameQBufMgr.oe674 (.text:FrameQBufMgr_freev)
                  c374d700    00000020                               : FrameQBufMgr.oe674 (.text:FrameQBufMgr_getBaseHeaderSize)
                  c374d720    00000020                               : FrameQBufMgr.oe674 (.text:FrameQBufMgr_getId)
                  c374d740    00000020                               : FrameQBufMgr.oe674 (.text:FrameQBufMgr_getNumFreeFrames)
                  c374d760    00000020                               : FrameQBufMgr.oe674 (.text:FrameQBufMgr_getvNumFreeFrames)
                  c374d780    00000020                               : FrameQBufMgr.oe674 (.text:FrameQBufMgr_invalidateFrameBuf)
                  c374d7a0    00000020                               : FrameQBufMgr.oe674 (.text:FrameQBufMgr_invalidateHeaderBuf)
                  c374d7c0    00000020                               : FrameQBufMgr.oe674 (.text:FrameQBufMgr_isCacheEnabledForFrameBuf)
                  c374d7e0    00000020                               : FrameQBufMgr.oe674 (.text:FrameQBufMgr_isCacheEnabledForHeaderBuf)
                  c374d800    00000020                               : FrameQBufMgr.oe674 (.text:FrameQBufMgr_registerNotifier)
                  c374d820    00000020                               : FrameQBufMgr.oe674 (.text:FrameQBufMgr_translateAddr)
                  c374d840    00000020                               : FrameQBufMgr.oe674 (.text:FrameQBufMgr_unregisterNotifier)
                  c374d860    00000020                               : FrameQBufMgr.oe674 (.text:FrameQBufMgr_writeBackFrameBuf)
                  c374d880    00000020                               : FrameQBufMgr.oe674 (.text:FrameQBufMgr_writeBackHeaderBuf)
                  c374d8a0    00000020                               : FrameQ_ShMem.oe674 (.text:FrameQ_ShMem_Params_init)
                  c374d8c0    00000020                               : FrameQ_ShMem.oe674 (.text:FrameQ_ShMem_close)
                  c374d8e0    00000020                               : FrameQ_ShMem.oe674 (.text:FrameQ_ShMem_control)
                  c374d900    00000020     ipc.ae674 : Ipc.obj (.text:GateMP_delete)
                  c374d920    00000020               : Ipc.obj (.text:GateMP_enter)
                  c374d940    00000020               : Ipc.obj (.text:GateMP_getDefaultRemote)
                  c374d960    00000020               : Ipc.obj (.text:GateMP_getLocalProtect)
                  c374d980    00000020               : Ipc.obj (.text:GateMP_leave)
                  c374d9a0    00000020               : Ipc.obj (.text:ListMP_Params_init)
                  c374d9c0    00000020               : Ipc.obj (.text:ListMP_close)
                  c374d9e0    00000020               : Ipc.obj (.text:ListMP_delete)
                  c374da00    00000020               : Ipc.obj (.text:MessageQ_Params_init)
                  c374da20    00000020               : Ipc.obj (.text:MultiProc_getNumProcessors)
                  c374da40    00000020               : Ipc.obj (.text:MultiProc_self)
                  c374da60    00000020               : Ipc.obj (.text:NameServer_Params_init)
                  c374da80    00000020               : Ipc.obj (.text:NameServer_addUInt32)
                  c374daa0    00000020               : Ipc.obj (.text:NameServer_delete)
                  c374dac0    00000020               : Ipc.obj (.text:NameServer_getUInt32)
                  c374dae0    00000020               : Ipc.obj (.text:NameServer_removeEntry)
                  c374db00    00000020     ti.syslink.ipc.rtos.ae674 : RingIOShm.oe674 (.text:RingIOShm_getConfig)
                  c374db20    00000020                               : RingIO.oe674 (.text:RingIO_Params_init)
                  c374db40    00000020                               : RingIO.oe674 (.text:RingIO_getConfig)
                  c374db60    00000020     ipc.ae674 : Ipc.obj (.text:SharedRegion_invalidSRPtr)
                  c374db80    00000020     ti.syslink.ipc.rtos.ae674 : _Syslink.oe674 (.text:SysLink_destroy)
                  c374dba0    00000020                               : TilerMemoryMgr.oe674 (.text:SyslinkMemMgr_TilerMemory_alloc)
                  c374dbc0    00000020                               : TilerMemoryMgr.oe674 (.text:SyslinkMemMgr_TilerMemory_free)
                  c374dbe0    00000020                               : TilerMemoryMgr.oe674 (.text:SyslinkMemMgr_TilerMemory_translate)
                  c374dc00    00000020                               : SyslinkMemMgr.oe674 (.text:SyslinkMemMgr_translate)
                  c374dc20    00000020                               : FrameQBufMgr_ShMem.oe674 (.text:_FrameQBufMgr_ShMem_getCliNotifyMgrGateShAddr)
                  c374dc40    00000020                               : FrameQBufMgr_ShMem.oe674 (.text:_FrameQBufMgr_ShMem_getCliNotifyMgrShAddr)
                  c374dc60    00000020                               : FrameQBufMgr_ShMem.oe674 (.text:_FrameQBufMgr_ShMem_resetNotifyId)
                  c374dc80    00000020                               : FrameQBufMgr_ShMem.oe674 (.text:_FrameQBufMgr_ShMem_setNotifyId)
                  c374dca0    00000020                               : FrameQ_ShMem.oe674 (.text:_FrameQ_ShMem_getCliNotifyMgrGate)
                  c374dcc0    00000020                               : FrameQ_ShMem.oe674 (.text:_FrameQ_ShMem_getCliNotifyMgrGateShAddr)
                  c374dce0    00000020                               : FrameQ_ShMem.oe674 (.text:_FrameQ_ShMem_getCliNotifyMgrHandle)
                  c374dd00    00000020                               : FrameQ_ShMem.oe674 (.text:_FrameQ_ShMem_getCliNotifyMgrShAddr)
                  c374dd20    00000020     rts6740_elf.lib : dtor_list.obj (.text:__cxa_atexit)
                  c374dd40    00000020                     : dtor_list.obj (.text:__cxa_ia64_exit)
                  c374dd60    00000020     ti.targets.rts6000.ae674 : xdc_noinit.oe674 (.text:__xdc__init)
                  c374dd80    00000020     rts6740_elf.lib : _lock.obj (.text:_nop)
                  c374dda0    00000020                     : _lock.obj (.text:_register_lock)
                  c374ddc0    00000020                     : _lock.obj (.text:_register_unlock)
                  c374dde0    00000020     sysbios.ae674 : c62_TaskSupport_asm.obj (.text:_ti_sysbios_family_c62_TaskSupport_glue)
                  c374de00    00000020                   : c64p_Hwi_asm_switch.obj (.text:_ti_sysbios_family_xxx_Hwi_switchToTaskStack)
                  c374de20    00000020     rts6740_elf.lib : exit.obj (.text:abort)
                  c374de40    00000020                     : dtor_list.obj (.text:atexit)
                  c374de60    00000020     dsp_pe674.oe674 (.text:ti_sdo_ipc_GateMP_Params__init__S)
                  c374de80    00000020     dsp_pe674.oe674 (.text:ti_sdo_ipc_GateMP_RemoteCustom1Proxy_Object__create__S)
                  c374dea0    00000020     dsp_pe674.oe674 (.text:ti_sdo_ipc_GateMP_RemoteCustom1Proxy_Object__delete__S)
                  c374dec0    00000020     dsp_pe674.oe674 (.text:ti_sdo_ipc_GateMP_RemoteCustom1Proxy_Params__init__S)
                  c374dee0    00000020     dsp_pe674.oe674 (.text:ti_sdo_ipc_GateMP_RemoteCustom1Proxy_Proxy__abstract__S)
                  c374df00    00000020     dsp_pe674.oe674 (.text:ti_sdo_ipc_GateMP_RemoteCustom1Proxy_Proxy__delegate__S)
                  c374df20    00000020     dsp_pe674.oe674 (.text:ti_sdo_ipc_GateMP_RemoteCustom1Proxy_getReservedMask__E)
                  c374df40    00000020     dsp_pe674.oe674 (.text:ti_sdo_ipc_GateMP_RemoteCustom1Proxy_sharedMemReq__E)
                  c374df60    00000020     dsp_pe674.oe674 (.text:ti_sdo_ipc_GateMP_RemoteCustom2Proxy_Object__create__S)
                  c374df80    00000020     dsp_pe674.oe674 (.text:ti_sdo_ipc_GateMP_RemoteCustom2Proxy_Object__delete__S)
                  c374dfa0    00000020     dsp_pe674.oe674 (.text:ti_sdo_ipc_GateMP_RemoteCustom2Proxy_Params__init__S)
                  c374dfc0    00000020     dsp_pe674.oe674 (.text:ti_sdo_ipc_GateMP_RemoteCustom2Proxy_Proxy__abstract__S)
                  c374dfe0    00000020     dsp_pe674.oe674 (.text:ti_sdo_ipc_GateMP_RemoteCustom2Proxy_Proxy__delegate__S)
                  c374e000    00000020     dsp_pe674.oe674 (.text:ti_sdo_ipc_GateMP_RemoteCustom2Proxy_getReservedMask__E)
                  c374e020    00000020     dsp_pe674.oe674 (.text:ti_sdo_ipc_GateMP_RemoteCustom2Proxy_sharedMemReq__E)
                  c374e040    00000020     dsp_pe674.oe674 (.text:ti_sdo_ipc_GateMP_RemoteSystemProxy_Object__create__S)
                  c374e060    00000020     dsp_pe674.oe674 (.text:ti_sdo_ipc_GateMP_RemoteSystemProxy_Object__delete__S)
                  c374e080    00000020     dsp_pe674.oe674 (.text:ti_sdo_ipc_GateMP_RemoteSystemProxy_Params__init__S)
                  c374e0a0    00000020     dsp_pe674.oe674 (.text:ti_sdo_ipc_GateMP_RemoteSystemProxy_Proxy__abstract__S)
                  c374e0c0    00000020     dsp_pe674.oe674 (.text:ti_sdo_ipc_GateMP_RemoteSystemProxy_Proxy__delegate__S)
                  c374e0e0    00000020     dsp_pe674.oe674 (.text:ti_sdo_ipc_GateMP_RemoteSystemProxy_getReservedMask__E)
                  c374e100    00000020     dsp_pe674.oe674 (.text:ti_sdo_ipc_GateMP_RemoteSystemProxy_sharedMemReq__E)
                  c374e120    00000020     dsp_pe674.oe674 (.text:ti_sdo_ipc_GateMP_attach__E)
                  c374e140    00000020     dsp_pe674.oe674 (.text:ti_sdo_ipc_GateMP_detach__E)
                  c374e160    00000020     dsp_pe674.oe674 (.text:ti_sdo_ipc_GateMP_getRegion0ReservedSize__E)
                  c374e180    00000020     dsp_pe674.oe674 (.text:ti_sdo_ipc_GateMP_getSharedAddr__E)
                  c374e1a0    00000020     ipc.ae674 : Ipc.obj (.text:ti_sdo_ipc_GateMP_getSharedAddr__F)
                  c374e1c0    00000020     dsp_pe674.oe674 (.text:ti_sdo_ipc_GateMP_start__E)
                  c374e1e0    00000020     dsp_pe674.oe674 (.text:ti_sdo_ipc_GateMP_stop__E)
                  c374e200    00000020     dsp_pe674.oe674 (.text:ti_sdo_ipc_ListMP_Params__init__S)
                  c374e220    00000020     dsp_pe674.oe674 (.text:ti_sdo_ipc_MessageQ_Module_startup__E)
                  c374e240    00000020     dsp_pe674.oe674 (.text:ti_sdo_ipc_MessageQ_Object__get__S)
                  c374e260    00000020     dsp_pe674.oe674 (.text:ti_sdo_ipc_MessageQ_Params__init__S)
                  c374e280    00000020     dsp_pe674.oe674 (.text:ti_sdo_ipc_MessageQ_SetupTransportProxy_attach__E)
                  c374e2a0    00000020     dsp_pe674.oe674 (.text:ti_sdo_ipc_MessageQ_SetupTransportProxy_detach__E)
                  c374e2c0    00000020     dsp_pe674.oe674 (.text:ti_sdo_ipc_MessageQ_SetupTransportProxy_isRegistered__E)
                  c374e2e0    00000020     dsp_pe674.oe674 (.text:ti_sdo_ipc_MessageQ_SetupTransportProxy_sharedMemReq__E)
                  c374e300    00000020     dsp_pe674.oe674 (.text:ti_sdo_ipc_MessageQ_registerTransport__E)
                  c374e320    00000020     dsp_pe674.oe674 (.text:ti_sdo_ipc_MessageQ_unregisterTransport__E)
                  c374e340    00000020     dsp_pe674.oe674 (.text:ti_sdo_ipc_Notify_Module_GateProxy_enter__E)
                  c374e360    00000020     dsp_pe674.oe674 (.text:ti_sdo_ipc_Notify_Module_GateProxy_leave__E)
                  c374e380    00000020     dsp_pe674.oe674 (.text:ti_sdo_ipc_Notify_Module_startup__E)
                  c374e3a0    00000020     dsp_pe674.oe674 (.text:ti_sdo_ipc_Notify_SetupProxy_attach__E)
                  c374e3c0    00000020     dsp_pe674.oe674 (.text:ti_sdo_ipc_Notify_SetupProxy_numIntLines__E)
                  c374e3e0    00000020     dsp_pe674.oe674 (.text:ti_sdo_ipc_Notify_SetupProxy_sharedMemReq__E)
                  c374e400    00000020     dsp_pe674.oe674 (.text:ti_sdo_ipc_Notify_detach__E)
                  c374e420    00000020     dsp_pe674.oe674 (.text:ti_sdo_ipc_Notify_exec__E)
                  c374e440    00000020     dsp_pe674.oe674 (.text:ti_sdo_ipc_SharedRegion_attach__E)
                  c374e460    00000020     dsp_pe674.oe674 (.text:ti_sdo_ipc_SharedRegion_clearReservedMemory__E)
                  c374e480    00000020     dsp_pe674.oe674 (.text:ti_sdo_ipc_SharedRegion_detach__E)
                  c374e4a0    00000020     dsp_pe674.oe674 (.text:ti_sdo_ipc_SharedRegion_reserveMemory__E)
                  c374e4c0    00000020     dsp_pe674.oe674 (.text:ti_sdo_ipc_SharedRegion_resetInternalFields__E)
                  c374e4e0    00000020     dsp_pe674.oe674 (.text:ti_sdo_ipc_SharedRegion_start__E)
                  c374e500    00000020     dsp_pe674.oe674 (.text:ti_sdo_ipc_SharedRegion_stop__E)
                  c374e520    00000020     ipc.ae674 : Ipc.obj (.text:ti_sdo_ipc_family_da830_InterruptDsp_intDisable__E)
                  c374e540    00000020               : Ipc.obj (.text:ti_sdo_ipc_family_da830_InterruptDsp_intEnable__E)
                  c374e560    00000020               : Ipc.obj (.text:ti_sdo_ipc_family_da830_InterruptDsp_intUnregister__E)
                  c374e580    00000020               : Ipc.obj (.text:ti_sdo_ipc_family_da830_NotifySetup_numIntLines__E)
                  c374e5a0    00000020               : Ipc.obj (.text:ti_sdo_ipc_gates_GateMPSupportNull_Instance_init__F)
                  c374e5c0    00000020     dsp_pe674.oe674 (.text:ti_sdo_ipc_gates_GateMPSupportNull_Params__init__S)
                  c374e5e0    00000020     ipc.ae674 : Ipc.obj (.text:ti_sdo_ipc_gates_GateMPSupportNull_enter__E)
                  c374e600    00000020               : Ipc.obj (.text:ti_sdo_ipc_gates_GateMPSupportNull_getReservedMask__E)
                  c374e620    00000020               : Ipc.obj (.text:ti_sdo_ipc_gates_GateMPSupportNull_leave__E)
                  c374e640    00000020     dsp_pe674.oe674 (.text:ti_sdo_ipc_gates_GateMPSupportNull_query__E)
                  c374e660    00000020     ipc.ae674 : Ipc.obj (.text:ti_sdo_ipc_gates_GateMPSupportNull_query__F)
                  c374e680    00000020               : Ipc.obj (.text:ti_sdo_ipc_gates_GateMPSupportNull_sharedMemReq__E)
                  c374e6a0    00000020     dsp_pe674.oe674 (.text:ti_sdo_ipc_gates_GatePeterson_Params__init__S)
                  c374e6c0    00000020     ipc.ae674 : Ipc.obj (.text:ti_sdo_ipc_gates_GatePeterson_getReservedMask__E)
                  c374e6e0    00000020     dsp_pe674.oe674 (.text:ti_sdo_ipc_gates_GatePeterson_query__E)
                  c374e700    00000020     ipc.ae674 : Ipc.obj (.text:ti_sdo_ipc_gates_GatePeterson_query__F)
                  c374e720    00000020     dsp_pe674.oe674 (.text:ti_sdo_ipc_heaps_HeapMemMP_Params__init__S)
                  c374e740    00000020     dsp_pe674.oe674 (.text:ti_sdo_ipc_heaps_HeapMemMP_isBlocking__E)
                  c374e760    00000020     ipc.ae674 : Ipc.obj (.text:ti_sdo_ipc_heaps_HeapMemMP_isBlocking__F)
                  c374e780    00000020     dsp_pe674.oe674 (.text:ti_sdo_ipc_notifyDrivers_NotifyDriverShm_InterruptProxy_intClear__E)
                  c374e7a0    00000020     dsp_pe674.oe674 (.text:ti_sdo_ipc_notifyDrivers_NotifyDriverShm_InterruptProxy_intDisable__E)
[...]
c3780410   ti_sysbios_xdcruntime_GateThreadSupport_Module__root__V
c378041c   xdc_runtime_Defaults_Module__root__V
c378041e   xdc_runtime_Error_Module__root__V
c3780420   xdc_runtime_Error_Module__state__V
c3780424   xdc_runtime_GateNull_Module__root__V
c378042c   xdc_runtime_LoggerBuf_Module__root__V
c3780434   xdc_runtime_LoggerBuf_Module__state__V
c378043a   xdc_runtime_Main_Module__root__V
c378043c   xdc_runtime_Memory_Module__state__V
c3780440   xdc_runtime_Registry_Module__root__V
c3780444   xdc_runtime_Registry_Module__state__V
c378044c   xdc_runtime_Startup_Module__state__V
c3780454   xdc_runtime_SysMin_Module__state__V
c3780460   xdc_runtime_System_Module__state__V
c378046c   xdc_runtime_Text_Module__state__V
c3780474   xdc_runtime_knl_GateThread_Module__root__V
c3780480   __xdc__init__addr
c37806d0   ti_sdo_utils_NameServer_Object__table__V
c37807b0   FrameQ_ShMem_fxns
c3780820   FrameQ_ShMem_module_obj
c3780890   ti_sdo_ipc_SharedRegion_Module_State_0_regions__A
c3780920   ti_sysbios_knl_Swi_Module_State_0_readyQ__A
c37809a0   ti_sysbios_knl_Task_Module_State_0_readyQ__A
c3780a20   ti_sysbios_timers_timer64_Timer_Module_State_0_device__A
c3780a80   TSK_idle
c3780a80   ti_sysbios_knl_Task_Object__table__V
c3780ad0   ti_sysbios_timers_timer64_Timer_Object__table__V
c3780ba0   ti_sysbios_gates_GateMutex_Object__table__V
c3780be0   ti_sysbios_knl_Swi_Object__table__V
c3780c10   ti_sdo_ipc_Ipc_Module_State_0_procEntry__A
c3780c38   xdc_runtime_LoggerBuf_Object__table__V
c3780c60   ti_sdo_ipc_MessageQ_Module_State_0_heaps__A
c3780c80   ti_sysbios_timers_timer64_Timer_Module_State_0_gctrl__A
c3780ca0   ti_sysbios_timers_timer64_Timer_Module_State_0_handles__A
c3780cc0   ti_sysbios_timers_timer64_Timer_Module_State_0_intFreqs__A
c3780ce0   xdc_runtime_System_Module_State_0_atexitHandlers__A
c3780d1c   SyslinkMemMgr_SharedMemory_fxns
c3780d38   SyslinkMemMgr_TilerMemory_fxns
c3780d58   ti_sysbios_family_c64p_Hwi_Object__table__V
c3780d70   ti_sysbios_gates_GateMutexPri_Object__table__V
c3780d88   ti_sysbios_heaps_HeapMem_Object__table__V
c3780da0   ti_sysbios_gates_GateAll_Object__table__V
c3780db0   _cleanup_ptr
c3780db4   _dtors_ptr
c3780db8   __TI_enable_exit_profile_output
c3780dbc   Syslink_RingIO_moduleCfg
c3780dc4   Syslink_RingIOShm_moduleCfg
c3780dc8   ti_sysbios_gates_GateSwi_Object__table__V
c3780dd4   _lock
c3780dd8   _unlock
c3780de0   ti_sdo_ipc_Notify_Module_State_0_notifyHandles__A
c3780de8   ti_sdo_ipc_transports_TransportShmSetup_Module_State_0_handles__A
c3780df0   ti_sysbios_family_c64p_primus_TimerSupport_Module_State_0_suspSrc__A
c3780df8   ti_sysbios_hal_Hwi_Object__table__V
c3780e00   ti_sysbios_hal_Timer_Object__table__V
c3780e08   ti_sdo_ipc_GateMP_Module_State_0_remoteCustom2Gates__A
c3780e10   ti_sdo_ipc_Notify_Module_State_0_notifyHandles_0__A
c3780e18   ti_sdo_ipc_Notify_Module_State_0_notifyHandles_1__A
c3780e20   ti_sysbios_gates_GateHwi_Object__table__V
c3780e28   ti_sysbios_knl_Task_Module_State_0_idleTask__A
c3780e30   xdc_runtime_GateNull_Object__table__V
c3780e38   xdc_runtime_Text_charTab__A
c3784188   xdc_runtime_Text_nodeTab__A
c37843f6   ti_sdo_ipc_GateMP_Module__id__C
c3784490   xdc_runtime_Startup_sfxnTab__A
c37844d0   ti_sysbios_knl_Task_Object__PARAMS__C
c378450c   xdc_runtime_LoggerBuf_Module__FXNS__C
c3784548   ti_sdo_ipc_notifyDrivers_NotifyDriverShm_Module__FXNS__C
c3784580   ti_sdo_ipc_GateMP_Object__PARAMS__C
c37845b4   ti_sdo_ipc_notifyDrivers_NotifyDriverShm_Object__PARAMS__C
c37845e8   ti_sdo_ipc_heaps_HeapMemMP_Object__PARAMS__C
c3784618   ti_sysbios_family_c64p_Hwi_Object__PARAMS__C
c3784674   ti_sdo_ipc_ListMP_Object__PARAMS__C
c37846a0   ti_sdo_ipc_gates_GateMPSupportNull_Module__FXNS__C
c37846cc   ti_sdo_ipc_gates_GatePeterson_Module__FXNS__C
c37846f8   ti_sdo_utils_NameServer_Object__PARAMS__C
c378474c   ti_sdo_ipc_heaps_HeapMemMP_Module__FXNS__C
c3784774   ti_sdo_ipc_nsremote_NameServerRemoteNotify_Module__FXNS__C
c378479c   ti_sdo_ipc_transports_TransportShm_Module__FXNS__C
c37847c4   ti_sdo_ipc_transports_TransportShm_Object__PARAMS__C
c37847ec   ti_sysbios_heaps_HeapMem_Module__FXNS__C
c3784814   ti_sysbios_knl_Swi_Object__PARAMS__C
c378483c   xdc_runtime_LoggerBuf_Object__PARAMS__C
c3784864   ti_sdo_ipc_gates_GateMPSupportNull_Object__PARAMS__C
c3784888   ti_sdo_ipc_gates_GatePeterson_Object__PARAMS__C
c37848ac   ti_sysbios_gates_GateAll_Module__FXNS__C
c37848d0   ti_sysbios_gates_GateHwi_Module__FXNS__C
c37848f4   ti_sysbios_gates_GateMutexPri_Module__FXNS__C
c3784918   ti_sysbios_gates_GateMutex_Module__FXNS__C
c378493c   ti_sysbios_gates_GateSwi_Module__FXNS__C
c3784960   ti_sysbios_heaps_HeapMem_Object__PARAMS__C
c3784984   ti_sysbios_knl_Semaphore_Object__PARAMS__C
c37849a8   ti_sysbios_syncs_SyncSem_Module__FXNS__C
c37849cc   xdc_runtime_GateNull_Module__FXNS__C
c37849f0   xdc_runtime_knl_GateThread_Module__FXNS__C
c3784a14   ti_sdo_ipc_GateMP_Object__DESC__C
c3784a34   ti_sdo_ipc_ListMP_Object__DESC__C
c3784a54   ti_sdo_ipc_MessageQ_Object__DESC__C
c3784a74   ti_sdo_ipc_MessageQ_Object__PARAMS__C
c3784a94   ti_sdo_ipc_Notify_Object__DESC__C
c3784ab4   ti_sdo_ipc_gates_GateMPSupportNull_Object__DESC__C
c3784ad4   ti_sdo_ipc_gates_GatePeterson_Object__DESC__C
c3784af4   ti_sdo_ipc_heaps_HeapMemMP_Object__DESC__C
c3784b14   ti_sdo_ipc_notifyDrivers_NotifyDriverShm_Object__DESC__C
c3784b34   ti_sdo_ipc_nsremote_NameServerRemoteNotify_Object__DESC__C
c3784b54   ti_sdo_ipc_nsremote_NameServerRemoteNotify_Object__PARAMS__C
c3784b74   ti_sdo_ipc_transports_TransportShm_Object__DESC__C
c3784b94   ti_sdo_utils_List_Object__DESC__C
c3784bb4   ti_sdo_utils_NameServer_Object__DESC__C
c3784bd4   ti_sysbios_family_c64p_Hwi_Object__DESC__C
c3784bf4   ti_sysbios_gates_GateAll_Object__DESC__C
c3784c14   ti_sysbios_gates_GateHwi_Object__DESC__C
c3784c34   ti_sysbios_gates_GateMutexPri_Object__DESC__C
c3784c54   ti_sysbios_gates_GateMutex_Object__DESC__C
c3784c74   ti_sysbios_gates_GateSwi_Object__DESC__C
c3784c94   ti_sysbios_heaps_HeapMem_Object__DESC__C
c3784cb4   ti_sysbios_knl_Queue_Object__DESC__C
c3784cd4   ti_sysbios_knl_Semaphore_Object__DESC__C
c3784cf4   ti_sysbios_knl_Swi_Object__DESC__C
c3784d14   ti_sysbios_knl_Task_Object__DESC__C
c3784d34   ti_sysbios_syncs_SyncSem_Object__DESC__C
c3784d54   ti_sysbios_xdcruntime_GateThreadSupport_Object__DESC__C
c3784d74   xdc_runtime_GateNull_Object__DESC__C
c3784d94   xdc_runtime_LoggerBuf_Object__DESC__C
c3784db4   ti_sdo_ipc_GateMP_E_gateUnavailable__C
c3784db8   xdc_runtime_Startup_sfxnRts__A
c3784dd8   xdc_runtime_knl_GateThread_Object__DESC__C
c3784df8   ti_sysbios_syncs_SyncSem_Object__PARAMS__C
c3784e14   ti_sdo_ipc_Notify_Object__PARAMS__C
c3784e2c   ti_sdo_utils_List_Object__PARAMS__C
c3784e44   ti_sysbios_gates_GateAll_Object__PARAMS__C
c3784e5c   ti_sysbios_gates_GateHwi_Object__PARAMS__C
c3784e74   ti_sysbios_gates_GateMutexPri_Object__PARAMS__C
c3784e8c   ti_sysbios_gates_GateMutex_Object__PARAMS__C
c3784ea4   ti_sysbios_gates_GateSwi_Object__PARAMS__C
c3784ebc   ti_sysbios_knl_Queue_Object__PARAMS__C
c3784ed4   ti_sdo_ipc_GateMP_E_localGate__C
c3784ed8   ti_sysbios_knl_Task_hooks__A
c3784ef0   ti_sysbios_xdcruntime_GateThreadSupport_Object__PARAMS__C
c3784f08   xdc_runtime_GateNull_Object__PARAMS__C
c3784f20   xdc_runtime_knl_GateThread_Object__PARAMS__C
c3784f4c   ti_sdo_ipc_Ipc_E_internal__C
c3784f62   ti_sdo_ipc_Ipc_generateSlaveDataForHost__C
c3784f90   ti_sdo_ipc_Ipc_userFxns__A
c3784f9c   ti_sysbios_family_c64p_Cache_initSize__C
c3784fb0   ti_sdo_utils_MultiProc_nameList__A
c3784fb8   ti_sysbios_knl_Idle_coreList__C
c3784fc0   ti_sysbios_knl_Idle_funcList__C
c3784fc8   ti_sysbios_knl_Task_hooks__C
c3784fd0   xdc_runtime_Startup_firstFxns__A
c3784fd8   xdc_runtime_Startup_firstFxns__C
c3784fe0   xdc_runtime_Startup_lastFxns__C
c3784ff0   ti_sdo_ipc_Ipc_E_nameFailed__C
c3784ff4   ti_sdo_ipc_Ipc_E_versionMismatch__C
c3784ff8   ti_sdo_ipc_Ipc_numUserFxns__C
c3784ffc   ti_sdo_ipc_Ipc_procSync__C
c3785000   ti_sdo_ipc_Ipc_userFxns__C
c3785004   ti_sdo_ipc_MessageQ_E_indexNotAvailable__C
c3785008   ti_sdo_ipc_MessageQ_E_maxReached__C
c378500c   ti_sdo_ipc_MessageQ_E_nameFailed__C
c3785010   ti_sdo_ipc_MessageQ_Instance_State_highList__O
c3785014   ti_sdo_ipc_MessageQ_Instance_State_normalList__O
c3785018   ti_sdo_ipc_MessageQ_Object__count__C
c378501c   ti_sdo_ipc_MessageQ_Object__heap__C
c3785020   ti_sdo_ipc_MessageQ_maxRuntimeEntries__C
c3785024   ti_sdo_ipc_MessageQ_numReservedEntries__C
c3785028   ti_sdo_ipc_Notify_Module__gateObj__C
c378502c   ti_sdo_ipc_Notify_Object__heap__C
c3785030   ti_sdo_ipc_Notify_numEvents__C
c3785034   ti_sdo_ipc_Notify_sendEventPollCount__C
c3785038   ti_sdo_ipc_SharedRegion_INVALIDSRPTR__C
c378503c   ti_sdo_ipc_SharedRegion_numOffsetBits__C
c3785040   ti_sdo_ipc_SharedRegion_offsetMask__C
c3785044   ti_sdo_ipc_family_da830_NotifySetup_armRecvIntId0__C
c3785048   ti_sdo_ipc_family_da830_NotifySetup_armRecvIntId1__C
c378504c   ti_sdo_ipc_family_da830_NotifySetup_dspIntVectId0__C
c3785050   ti_sdo_ipc_family_da830_NotifySetup_dspIntVectId1__C
c3785054   ti_sdo_ipc_family_da830_NotifySetup_dspRecvIntId0__C
c3785058   ti_sdo_ipc_family_da830_NotifySetup_dspRecvIntId1__C
c378505c   ti_sdo_ipc_gates_GatePeterson_E_gateRemotelyOpened__C
c3785060   ti_sdo_ipc_heaps_HeapMemMP_E_memory__C
c3785064   ti_sdo_ipc_interfaces_IGateMPSupport_Interface__BASE__C
c3785068   ti_sdo_ipc_interfaces_IMessageQTransport_Interface__BASE__C
c378506c   ti_sdo_ipc_interfaces_INotifyDriver_Interface__BASE__C
c3785070   ti_sdo_ipc_notifyDrivers_NotifyDriverShm_Object__heap__C
c3785074   ti_sdo_ipc_nsremote_NameServerRemoteNotify_Instance_State_semMultiBlock__O
c3785078   ti_sdo_ipc_nsremote_NameServerRemoteNotify_Instance_State_semRemoteWait__O
c378507c   ti_sdo_ipc_nsremote_NameServerRemoteNotify_Instance_State_swiObj__O
c3785080   ti_sdo_ipc_nsremote_NameServerRemoteNotify_notifyEventId__C
c3785084   ti_sdo_ipc_nsremote_NameServerRemoteNotify_timeout__C
c3785088   ti_sdo_ipc_transports_TransportShmSetup_priority__C
c378508c   ti_sdo_ipc_transports_TransportShm_Instance_State_swiObj__O
c3785090   ti_sdo_utils_INameServerRemote_Interface__BASE__C
c3785094   ti_sdo_utils_MultiProc_nameList__C
c3785098   ti_sdo_utils_NameServer_E_entryExists__C
c378509c   ti_sdo_utils_NameServer_E_maxReached__C
c37850a0   ti_sdo_utils_NameServer_Instance_State_freeList__O
c37850a4   ti_sdo_utils_NameServer_Instance_State_nameList__O
c37850a8   ti_sdo_utils_NameServer_Object__count__C
c37850ac   ti_sdo_utils_NameServer_Object__heap__C
c37850b0   ti_sysbios_BIOS_installedErrorHook__C
c37850b4   ti_sysbios_family_c62_TaskSupport_stackAlignment__C
c37850b8   ti_sysbios_family_c64p_Cache_EMIFA_BASE__C
c37850bc   ti_sysbios_family_c64p_Cache_EMIFA_CFG__C
c37850c0   ti_sysbios_family_c64p_Cache_EMIFA_LENGTH__C
c37850c4   ti_sysbios_family_c64p_Cache_EMIFB_BASE__C
c37850c8   ti_sysbios_family_c64p_Cache_EMIFB_CFG__C
c37850cc   ti_sysbios_family_c64p_Cache_EMIFB_LENGTH__C
c37850d0   ti_sysbios_family_c64p_Cache_EMIFC_BASE__C
c37850d4   ti_sysbios_family_c64p_Cache_EMIFC_CFG__C
c37850d8   ti_sysbios_family_c64p_Cache_EMIFC_LENGTH__C
c37850dc   ti_sysbios_family_c64p_Cache_MAR0_31__C
c37850e0   ti_sysbios_family_c64p_Cache_MAR128_159__C
c37850e4   ti_sysbios_family_c64p_Cache_MAR160_191__C
c37850e8   ti_sysbios_family_c64p_Cache_MAR192_223__C
c37850ec   ti_sysbios_family_c64p_Cache_MAR224_255__C
c37850f0   ti_sysbios_family_c64p_Cache_MAR32_63__C
c37850f4   ti_sysbios_family_c64p_Cache_MAR64_95__C
c37850f8   ti_sysbios_family_c64p_Cache_MAR96_127__C
c37850fc   ti_sysbios_family_c64p_Exception_E_exceptionMax__C
c3785100   ti_sysbios_family_c64p_Exception_E_exceptionMin__C
c3785104   ti_sysbios_family_c64p_Exception_exceptionHook__C
c3785108   ti_sysbios_family_c64p_Exception_externalHook__C
c378510c   ti_sysbios_family_c64p_Exception_internalHook__C
c3785110   ti_sysbios_family_c64p_Exception_nmiHook__C
c3785114   ti_sysbios_family_c64p_Hwi_E_alreadyDefined__C
c3785118   ti_sysbios_family_c64p_Hwi_E_handleNotFound__C
c378511c   ti_sysbios_gates_GateMutexPri_Instance_State_pendQ__O
c3785120   ti_sysbios_gates_GateMutex_Instance_State_sem__O
c3785124   ti_sysbios_hal_Hwi_E_stackOverflow__C
c3785128   ti_sysbios_heaps_HeapMem_E_memory__C
c378512c   ti_sysbios_heaps_HeapMem_Module__gateObj__C
c3785130   ti_sysbios_heaps_HeapMem_Object__count__C
c3785134   ti_sysbios_heaps_HeapMem_reqAlign__C
c3785138   ti_sysbios_knl_Clock_Module_State_clockQ__O
c378513c   ti_sysbios_knl_Clock_tickMode__C
c3785140   ti_sysbios_knl_Clock_tickPeriod__C
c3785144   ti_sysbios_knl_Clock_tickSource__C
c3785148   ti_sysbios_knl_Idle_coreList__A
c378514c   ti_sysbios_knl_Semaphore_Instance_State_pendQ__O
c3785150   ti_sysbios_knl_Idle_funcList__A
c3785154   ti_sysbios_knl_Swi_Object__count__C
c3785158   ti_sysbios_knl_Swi_numPriorities__C
c378515c   ti_sysbios_knl_Task_E_deleteNotAllowed__C
c3785160   ti_sysbios_knl_Task_E_spOutOfBounds__C
c3785164   ti_sysbios_knl_Task_E_stackOverflow__C
c3785168   ti_sysbios_knl_Task_Module_State_inactiveQ__O
c378516c   ti_sysbios_knl_Task_Module_State_terminatedQ__O
c3785170   ti_sysbios_knl_Task_Object__count__C
c3785174   ti_sysbios_knl_Task_Object__heap__C
c3785178   ti_sysbios_knl_Task_allBlockedFunc__C
c378517c   ti_sysbios_knl_Task_defaultStackHeap__C
c3785180   ti_sysbios_knl_Task_defaultStackSize__C
c3785184   ti_sysbios_knl_Task_numConstructedTasks__C
c3785188   ti_sysbios_timers_timer64_Timer_E_cannotSupport__C
c378518c   ti_sysbios_timers_timer64_Timer_anyMask__C
c3785190   ti_sysbios_timers_timer64_Timer_freqDivisor__C
c3785194   ti_sysbios_timers_timer64_Timer_numLocalTimers__C
c3785198   ti_sysbios_timers_timer64_Timer_numTimerDevices__C
c378519c   ti_sysbios_xdcruntime_GateThreadSupport_Instance_State_gate__O
c37851a0   xdc_runtime_Assert_E_assertFailed__C
c37851a4   xdc_runtime_Core_A_initializedParams__C
c37851a8   xdc_runtime_Core_Module__diagsEnabled__C
c37851ac   xdc_runtime_Core_Module__diagsIncluded__C
c37851b0   xdc_runtime_Core_Module__diagsMask__C
c37851b4   xdc_runtime_Error_E_memory__C
c37851b8   xdc_runtime_Error_Module__diagsEnabled__C
c37851bc   xdc_runtime_Error_Module__diagsIncluded__C
c37851c0   xdc_runtime_Error_Module__diagsMask__C
c37851c4   xdc_runtime_Error_Module__loggerFxn8__C
c37851c8   xdc_runtime_Error_Module__loggerObj__C
c37851cc   xdc_runtime_Error_policy__C
c37851d0   xdc_runtime_Error_raiseHook__C
c37851d4   xdc_runtime_IFilterLogger_Interface__BASE__C
c37851d8   xdc_runtime_IGateProvider_Interface__BASE__C
c37851dc   xdc_runtime_IHeap_Interface__BASE__C
c37851e0   xdc_runtime_ILogger_Interface__BASE__C
c37851e4   xdc_runtime_IModule_Interface__BASE__C
c37851e8   xdc_runtime_Log_L_error__C
c37851ec   xdc_runtime_LoggerBuf_E_badLevel__C
c37851f0   xdc_runtime_LoggerBuf_Module__gateObj__C
c37851f4   xdc_runtime_LoggerBuf_Object__count__C
c37851f8   xdc_runtime_LoggerBuf_statusLogger__C
c37851fc   xdc_runtime_Memory_defaultHeapInstance__C
c3785200   xdc_runtime_Startup_execImpl__C
c3785204   xdc_runtime_Startup_maxPasses__C
c3785208   xdc_runtime_Startup_lastFxns__A
c378520c   xdc_runtime_Startup_sfxnRts__C
c3785210   xdc_runtime_Startup_sfxnTab__C
c3785214   xdc_runtime_SysMin_bufSize__C
c3785218   xdc_runtime_SysMin_outputFunc__C
c378521c   xdc_runtime_System_Module__gateObj__C
c3785220   xdc_runtime_System_extendFxn__C
c3785224   xdc_runtime_System_maxAtexitHandlers__C
c3785228   xdc_runtime_Text_charTab__C
c378522c   xdc_runtime_Text_nameEmpty__C
c3785230   xdc_runtime_Text_nameStatic__C
c3785234   xdc_runtime_Text_nameUnknown__C
c3785238   xdc_runtime_Text_nodeTab__C
c378523c   xdc_runtime_Text_visitRopeFxn__C
c3785240   xdc_runtime_knl_ISync_Interface__BASE__C
c3785244   ti_sdo_ipc_Ipc_sr0MemorySetup__C
c3785246   ti_sdo_ipc_ListMP_Module__id__C
c3785248   ti_sdo_ipc_MessageQ_Module__id__C
c378524a   ti_sdo_ipc_Notify_numLines__C
c378524c   ti_sdo_ipc_SharedRegion_numEntries__C
c378524e   ti_sdo_ipc_SharedRegion_translate__C
c3785250   ti_sdo_ipc_family_da830_NotifySetup_useSecondLine__C
c3785252   ti_sdo_ipc_gates_GatePeterson_Module__id__C
c3785254   ti_sdo_ipc_heaps_HeapMemMP_Module__id__C
c3785256   ti_sdo_ipc_nsremote_NameServerRemoteNotify_Module__id__C
c3785258   ti_sdo_ipc_transports_TransportShm_Module__id__C
c378525a   ti_sdo_ipc_transports_TransportShm_notifyEventId__C
c378525c   ti_sdo_utils_MultiProc_numProcessors__C
c378525e   ti_sdo_utils_MultiProc_numProcsInCluster__C
c3785260   ti_sdo_utils_NameServer_Module__id__C
c3785262   ti_sdo_utils_NameServer_singleProcessor__C
c3785264   ti_sysbios_family_c64p_Exception_Module__id__C
c3785266   ti_sysbios_family_c64p_Exception_enableExternalMPC__C
c3785268   ti_sysbios_family_c64p_Exception_enablePrint__C
c378526a   ti_sysbios_family_c64p_Exception_useInternalBuffer__C
c378526c   ti_sysbios_family_c64p_Hwi_Module__id__C
c378526e   ti_sysbios_hal_Hwi_Module__id__C
c3785270   ti_sysbios_heaps_HeapMem_Module__id__C
c3785272   ti_sysbios_knl_Task_Module__id__C
c3785274   ti_sysbios_knl_Task_deleteTerminatedTasks__C
c3785276   ti_sysbios_knl_Task_initStackFlag__C
c3785278   ti_sysbios_timers_timer64_Timer_Module__id__C
c378527a   ti_sysbios_timers_timer64_Timer_startupNeeded__C
c378527c   xdc_runtime_Core_Module__id__C
c378527e   xdc_runtime_Error_Module__loggerDefined__C
c3785280   xdc_runtime_Error_maxDepth__C
c3785282   xdc_runtime_LoggerBuf_Module__id__C
c3785284   xdc_runtime_LoggerBuf_filterByLevel__C
c3785286   xdc_runtime_Memory_Module__id__C
c3785288   xdc_runtime_SysMin_flushAtExit__C
c378528a   xdc_runtime_Text_charCnt__C
c378528c   xdc_runtime_Text_isLoaded__C
c378528e   xdc_runtime_Text_registryModsLastId__C
c3785290   xdc_runtime_Text_unnamedModsLastId__C
c3785298   _stack
c3786298   __CIOBUF_
c3786298   __TI_STACK_END
c3786400   ti_sysbios_family_c64p_Hwi0
c3786400   ti_sysbios_family_c64p_Hwi_int0
c3786420   ti_sysbios_family_c64p_Hwi_int1
c3786440   ti_sysbios_family_c64p_Hwi_int2
c3786460   ti_sysbios_family_c64p_Hwi_int3
c3786480   ti_sysbios_family_c64p_Hwi_int4
c37864a0   ti_sysbios_family_c64p_Hwi_int5
c37864c0   ti_sysbios_family_c64p_Hwi_int6
c37864e0   ti_sysbios_family_c64p_Hwi_int7
c3786500   ti_sysbios_family_c64p_Hwi_int8
c3786520   ti_sysbios_family_c64p_Hwi_int9
c3786540   ti_sysbios_family_c64p_Hwi_int10
c3786560   ti_sysbios_family_c64p_Hwi_int11
c3786580   ti_sysbios_family_c64p_Hwi_int12
c37865a0   ti_sysbios_family_c64p_Hwi_int13
c37865c0   ti_sysbios_family_c64p_Hwi_int14
c37865e0   ti_sysbios_family_c64p_Hwi_int15
c3786600   __c_args__
c3786674   __TI_STATIC_BASE
c3786674   gFrameQ_nsHandle
c3786678   gFrameQBufMgr_nsHandle
c378667c   Syslink_terminateEventId
c3786680   Syslink_terminateEventLineId
c3786684   CLIENTNOTIFYMGR_NAMESERVERNAME
c3786698   FrameQ_ShMem_module
c3786800   _Ipc_ResetVector
c3786808   Ipc_sr0MemorySetup
ffffffff   __TI_pprof_out_hndl
ffffffff   __TI_prof_data_size
ffffffff   __TI_prof_data_start
ffffffff   __binit__
ffffffff   binit
UNDEFED    __TI_CINIT_Base
UNDEFED    __TI_CINIT_Limit
UNDEFED    __TI_Handler_Table_Base
UNDEFED    __TI_Handler_Table_Limit
UNDEFED    __TI_INITARRAY_Base
UNDEFED    __TI_INITARRAY_Limit

[1389 symbols]


DYNAMIC SYMBOLS: SORTED ALPHABETICALLY BY Name 

address    name
--------   ----
UNDEFED    
c3780a80   TSK_idle
c3786800   _Ipc_ResetVector
c3786298   __TI_STACK_END
00001000   __TI_STACK_SIZE
c3786674   __TI_STATIC_BASE
ffffffff   __TI_pprof_out_hndl
ffffffff   __TI_prof_data_size
ffffffff   __TI_prof_data_start
ffffffff   __binit__
c3786600   __c_args__
00000064   _argsize
ffffffff   binit
00000001   xdc_runtime_Startup__EXECFXN__C
00000001   xdc_runtime_Startup__RESETFXN__C

[15 symbols]


IMPORTED and EXPORTED SYMBOLS: SORTED ALPHABETICALLY BY Name 

IMPORTED SYMBOLS

name                           size      Imported from
-----------------------------  --------  -------------

[0 symbols]


EXPORTED SYMBOLS

address    name
--------   ----
c3786800   _Ipc_ResetVector
